BL51 BANKED LINKER/LOCATER V6.22                                                        06/03/2021  14:52:33  PAGE 1


BL51 BANKED LINKER/LOCATER V6.22, INVOKED BY:
C:\PROGRAM FILES\KEIL\C51\BIN\BL51.EXE .\Objects\main.obj, .\Objects\InitCU.obj, .\Objects\Timer0.obj, .\Objects\Timer1.
>> obj, .\Objects\Timer2.obj, .\Objects\Timer3.obj, .\Objects\Timer4.obj, .\Objects\Display.obj, .\Objects\Delays.obj, .
>> \Objects\Buttons.obj, .\Objects\DeviceParameters.obj, .\Objects\Menu.obj, .\Objects\FontDisplay.obj, .\Objects\BigFon
>> t.obj, .\Objects\MiddleFont.obj, .\Objects\Indication.obj, .\Objects\SFRPage.obj, .\Objects\Sound.obj, .\Objects\UART
>> 0.obj TO .\Objects\third_ver PRINT (.\Listings\third_ver.m51) RAMSIZE (256)


MEMORY MODEL: SMALL WITH FLOATING POINT ARITHMETIC


INPUT MODULES INCLUDED:
  .\Objects\main.obj (MAIN)
  .\Objects\InitCU.obj (INITCU)
  .\Objects\Timer0.obj (TIMER0)
  .\Objects\Timer1.obj (TIMER1)
  .\Objects\Timer2.obj (TIMER2)
  .\Objects\Timer3.obj (TIMER3)
  .\Objects\Timer4.obj (TIMER4)
  .\Objects\Display.obj (DISPLAY)
  .\Objects\Delays.obj (DELAYS)
  .\Objects\Buttons.obj (BUTTONS)
  .\Objects\DeviceParameters.obj (DEVICEPARAMETERS)
  .\Objects\Menu.obj (MENU)
  .\Objects\FontDisplay.obj (FONTDISPLAY)
  .\Objects\BigFont.obj (BIGFONT)
  .\Objects\MiddleFont.obj (MIDDLEFONT)
  .\Objects\Indication.obj (INDICATION)
  .\Objects\SFRPage.obj (SFRPAGE)
  .\Objects\Sound.obj (SOUND)
  .\Objects\UART0.obj (UART0)
  C:\PROGRAM FILES\KEIL\C51\LIB\C51FPS.LIB (?C?FPADD)
  C:\PROGRAM FILES\KEIL\C51\LIB\C51FPS.LIB (?C?FPMUL)
  C:\PROGRAM FILES\KEIL\C51\LIB\C51FPS.LIB (?C?FCAST)
  C:\PROGRAM FILES\KEIL\C51\LIB\C51FPS.LIB (?C?CASTF)
  C:\PROGRAM FILES\KEIL\C51\LIB\C51FPS.LIB (PRINTF)
  C:\PROGRAM FILES\KEIL\C51\LIB\C51FPS.LIB (LOG)
  C:\PROGRAM FILES\KEIL\C51\LIB\C51FPS.LIB (?C?FPGETOPN)
  C:\PROGRAM FILES\KEIL\C51\LIB\C51FPS.LIB (?C?FPDIV)
  C:\PROGRAM FILES\KEIL\C51\LIB\C51FPS.LIB (?C?FPROUND)
  C:\PROGRAM FILES\KEIL\C51\LIB\C51FPS.LIB (?C?FPCONVERT)
  C:\PROGRAM FILES\KEIL\C51\LIB\C51FPS.LIB (?C?FPSERIES)
  C:\PROGRAM FILES\KEIL\C51\LIB\C51FPS.LIB (?C?FTNPWR)
  C:\PROGRAM FILES\KEIL\C51\LIB\C51S.LIB (?C_STARTUP)
  C:\PROGRAM FILES\KEIL\C51\LIB\C51S.LIB (?C?COPY)
  C:\PROGRAM FILES\KEIL\C51\LIB\C51S.LIB (?C?CLDPTR)
  C:\PROGRAM FILES\KEIL\C51\LIB\C51S.LIB (?C?CLDOPTR)
  C:\PROGRAM FILES\KEIL\C51\LIB\C51S.LIB (?C?CSTPTR)
  C:\PROGRAM FILES\KEIL\C51\LIB\C51S.LIB (?C?CSTOPTR)
  C:\PROGRAM FILES\KEIL\C51\LIB\C51S.LIB (?C?IMUL)
  C:\PROGRAM FILES\KEIL\C51\LIB\C51S.LIB (?C?UIDIV)
  C:\PROGRAM FILES\KEIL\C51\LIB\C51S.LIB (?C?SIDIV)
  C:\PROGRAM FILES\KEIL\C51\LIB\C51S.LIB (?C?IILDX)
  C:\PROGRAM FILES\KEIL\C51\LIB\C51S.LIB (?C?ULDIV)
  C:\PROGRAM FILES\KEIL\C51\LIB\C51S.LIB (?C?LNEG)
  C:\PROGRAM FILES\KEIL\C51\LIB\C51S.LIB (?C?SLCMP)
  C:\PROGRAM FILES\KEIL\C51\LIB\C51S.LIB (?C?ULCMP)
  C:\PROGRAM FILES\KEIL\C51\LIB\C51S.LIB (?C?ULSHR)
BL51 BANKED LINKER/LOCATER V6.22                                                      06/03/2021  14:52:33  PAGE 2


  C:\PROGRAM FILES\KEIL\C51\LIB\C51S.LIB (?C?LLDCODE)
  C:\PROGRAM FILES\KEIL\C51\LIB\C51S.LIB (?C?LLDCODE0)
  C:\PROGRAM FILES\KEIL\C51\LIB\C51S.LIB (?C?LSTXDATA)
  C:\PROGRAM FILES\KEIL\C51\LIB\C51S.LIB (?C?LSTKXDATA)
  C:\PROGRAM FILES\KEIL\C51\LIB\C51S.LIB (?C?PLDIIDATA)
  C:\PROGRAM FILES\KEIL\C51\LIB\C51S.LIB (?C?CCASE)
  C:\PROGRAM FILES\KEIL\C51\LIB\C51S.LIB (?C?ICASE)
  C:\PROGRAM FILES\KEIL\C51\LIB\C51S.LIB (PUTCHAR)
  C:\PROGRAM FILES\KEIL\C51\LIB\C51S.LIB (ATOI)
  C:\PROGRAM FILES\KEIL\C51\LIB\C51S.LIB (?C?MEMSET)
  C:\PROGRAM FILES\KEIL\C51\LIB\C51S.LIB (?C_INIT)
  C:\PROGRAM FILES\KEIL\C51\LIB\C51S.LIB (ISDIGIT)
  C:\PROGRAM FILES\KEIL\C51\LIB\C51S.LIB (ISSPACE)


LINK MAP OF MODULE:  .\Objects\third_ver (MAIN)


            TYPE    BASE      LENGTH    RELOCATION   SEGMENT NAME
            -----------------------------------------------------

            * * * * * * *   D A T A   M E M O R Y   * * * * * * *
            REG     0000H     0008H     ABSOLUTE     "REG BANK 0"
            DATA    0008H     000CH     UNIT         ?DT?BIGFONT
            DATA    0014H     0009H     UNIT         ?DT?_WRITE_WIDTHADJUSTED_ARIAL_ASCII_STRING?MENU
            DATA    001DH     0003H     UNIT         ?DT?_CLEARARRAY?FONTDISPLAY
            BIT     0020H.0   0001H.1   UNIT         _BIT_GROUP_
                    0021H.1   0000H.7                *** GAP ***
            DATA    0022H     001CH     UNIT         _DATA_GROUP_
            DATA    003EH     0005H     UNIT         ?DT?BUTTONS
            DATA    0043H     0005H     UNIT         ?DT?_DRAWCHAR16X16_TODISPLAY_ARRAY?FONTDISPLAY
            DATA    0048H     0004H     UNIT         ?DT?MENU
            DATA    004CH     0004H     UNIT         ?DT?_DRAW4PIXELS?FONTDISPLAY
            DATA    0050H     0003H     UNIT         ?DT?MIDDLEFONT
            DATA    0053H     0002H     UNIT         ?DT?_GETADDRESS_8X16_LATIN?FONTDISPLAY
            DATA    0055H     0002H     UNIT         ?DT?_PUT_7X8ASCII_CHARONDISPLAY?FONTDISPLAY
            DATA    0057H     0002H     UNIT         ?DT?_PUT_WIDTHADJUSTED_ARIAL_ASCII_CHARONDISPLAY?FONTDISPLAY
            DATA    0059H     0001H     UNIT         ?DT?_DRAWCHAR7X8ASCII_TODISPLAY?FONTDISPLAY
            DATA    005AH     0001H     UNIT         ?DT?_DRAWCHAR8X16_TODISPLAY?FONTDISPLAY
            DATA    005BH     0001H     UNIT         ?DT?_DRAWCHAR16X16_TODISPLAY?FONTDISPLAY
            DATA    005CH     0001H     UNIT         ?DT?SFRPAGE
            IDATA   005DH     0001H     UNIT         ?STACK

            * * * * * * *  X D A T A   M E M O R Y  * * * * * * *
            XDATA   0000H     027EH     UNIT         ?XD?SOUND
            XDATA   027EH     0131H     UNIT         ?XD?DEVICEPARAMETERS
            XDATA   03AFH     0083H     UNIT         ?XD?UART0
            XDATA   0432H     0077H     UNIT         ?XD?FONTDISPLAY
            XDATA   04A9H     004AH     UNIT         ?XD?MENU
            XDATA   04F3H     0018H     UNIT         ?XD?BUTTONS
            XDATA   050BH     0004H     UNIT         ?XD?TIMER3
            XDATA   050FH     0004H     UNIT         ?XD?DISPLAY
            XDATA   0513H     0004H     UNIT         ?XD?DELAYS
            XDATA   0517H     0003H     UNIT         ?XD?INDICATION
            XDATA   051AH     0002H     UNIT         ?XD?TIMER0

            * * * * * * *   C O D E   M E M O R Y   * * * * * * *
BL51 BANKED LINKER/LOCATER V6.22                                                      06/03/2021  14:52:33  PAGE 3


            CODE    0000H     0003H     ABSOLUTE     
            CODE    0003H     0007H     UNIT         ?PR?SYSCLK_INIT?INITCU
            CODE    000AH     0001H     UNIT         ?PR?UPDATERADIATION1?DEVICEPARAMETERS
            CODE    000BH     0003H     ABSOLUTE     
            CODE    000EH     0015H     UNIT         ?PR?_SET_DISPLAY_ENHANCEMENT_A?DISPLAY
            CODE    0023H     0003H     ABSOLUTE     
            CODE    0026H     0005H     UNIT         ?PR?SET_LINEAR_GRAY_SCALE_TABLE?DISPLAY
            CODE    002BH     0003H     ABSOLUTE     
            CODE    002EH     0044H     UNIT         ?PR?_GETADDRESS_5X7_ASCII?FONTDISPLAY
            CODE    0072H     0001H     UNIT         ?PR?UPDATERADIATION2?DEVICEPARAMETERS
            CODE    0073H     0003H     ABSOLUTE     
            CODE    0076H     22D3H     UNIT         ?PR?UPDATEMENU?MENU
            CODE    2349H     0F56H     UNIT         ?PR?_DRAWCHAR_20X32_TODISPLAY_ARRAY?MIDDLEFONT
            CODE    329FH     0E2AH     UNIT         ?CO?FONTDISPLAY
            CODE    40C9H     0A32H     UNIT         ?PR?_DRAW_BIG_NUMBER?BIGFONT
            CODE    4AFBH     09D8H     UNIT         ?CO?BIGFONT
            CODE    54D3H     0971H     UNIT         ?C?LIB_CODE
            CODE    5E44H     05ECH     UNIT         ?PR?_DRAWCHAR16X16_TODISPLAY_ARRAY?FONTDISPLAY
            CODE    6430H     0565H     UNIT         ?PR?_SHOWBIGNUMBER?BIGFONT
            CODE    6995H     053AH     UNIT         ?PR?_DRAWCHAR16X16_TODISPLAY?FONTDISPLAY
            CODE    6ECFH     052EH     UNIT         ?C_INITSEG
            CODE    73FDH     0508H     UNIT         ?PR?BUTTONLEFT?BUTTONS
            CODE    7905H     04FBH     UNIT         ?CO?MENU
            CODE    7E00H     04F2H     UNIT         ?PR?BUTTONRIGHT?BUTTONS
            CODE    82F2H     046FH     UNIT         ?PR?PRINTF?PRINTF
            CODE    8761H     03E0H     UNIT         ?PR?_PUT_8X16ASCII_CHARONDISPLAY?FONTDISPLAY
            CODE    8B41H     0370H     UNIT         ?CO?MIDDLEFONT
            CODE    8EB1H     0330H     UNIT         ?PR?_DRAWCHAR8X16_TODISPLAY_ARRAY?FONTDISPLAY
            CODE    91E1H     030EH     UNIT         ?PR?_PUT_WIDTHADJUSTED_ARIAL_ASCII_CHARONDISPLAY?FONTDISPLAY
            CODE    94EFH     02AAH     UNIT         ?PR?_DRAWCHAR8X16_TODISPLAY?FONTDISPLAY
            CODE    9799H     01A6H     UNIT         ?PR?_DRAWCHAR5X7ASCII_TODISPLAY_ARRAY?FONTDISPLAY
            CODE    993FH     0179H     UNIT         ?PR?_PUT_5X7ASCII_CHARONDISPLAY?FONTDISPLAY
            CODE    9AB8H     0161H     UNIT         ?PR?_DRAWCHAR7X8ASCII_TODISPLAY?FONTDISPLAY
            CODE    9C19H     0154H     UNIT         ?PR?LOADPARAMETERS?DEVICEPARAMETERS
            CODE    9D6DH     014FH     UNIT         ?PR?RESETTEMPPARAM?MENU
            CODE    9EBCH     014BH     UNIT         ?PR?UPDATEINDICATION?INDICATION
            CODE    A007H     013EH     UNIT         ?PR?_GETADDRESS_8X16_LATIN?FONTDISPLAY
            CODE    A145H     0135H     UNIT         ?PR?LOG?LOG
            CODE    A27AH     011EH     UNIT         ?PR?UPDATESTT?DEVICEPARAMETERS
            CODE    A398H     0102H     UNIT         ?PR?UPDATEENERGY?DEVICEPARAMETERS
            CODE    A49AH     00F4H     UNIT         ?PR?CHECKPRESSBUTTON?BUTTONS
            CODE    A58EH     00DAH     UNIT         ?PR?CALCOUTPUTPRRKOEFFICIENTS?DEVICEPARAMETERS
            CODE    A668H     00D4H     UNIT         ?PR?UPDATELAMPFREQUENCY?DEVICEPARAMETERS
            CODE    A73CH     00D4H     UNIT         ?PR?UPDATELAMPFREQMAX?DEVICEPARAMETERS
            CODE    A810H     00B4H     UNIT         ?PR?_SENDMF_BYTE_TO_DISPLAY?FONTDISPLAY
            CODE    A8C4H     00B1H     UNIT         ?PR?_WRITE_WIDTHADJUSTED_ARIAL_ASCII_STRING?MENU
            CODE    A975H     00AEH     UNIT         ?PR?_ATOI?ATOI
            CODE    AA23H     00A4H     UNIT         ?PR?_PUT_CHAR_FONT_ARIAL_20X32_ON_DISPLAY?MIDDLEFONT
            CODE    AAC7H     00A2H     UNIT         ?PR?READ_7X8_ASCII_CHARFROMDISPLAY?FONTDISPLAY
            CODE    AB69H     009CH     UNIT         ?CO?BUTTONS
            CODE    AC05H     0096H     UNIT         ?PR?UPDATEPARAMETERS?DEVICEPARAMETERS
            CODE    AC9BH     0095H     UNIT         ?PR?_PLAY?SOUND
            CODE    AD30H     008CH     UNIT         ?C_C51STARTUP
            CODE    ADBCH     0077H     UNIT         ?PR?TIMER3_INTERRUPT?TIMER3
            CODE    AE33H     0076H     UNIT         ?PR?BUTTONDISPLAY?BUTTONS
            CODE    AEA9H     0073H     UNIT         ?PR?INITDISPLAY?DISPLAY
            CODE    AF1CH     006CH     UNIT         ?PR?_WRITE_5X7ASCII_STRING?MENU
BL51 BANKED LINKER/LOCATER V6.22                                                      06/03/2021  14:52:33  PAGE 4


            CODE    AF88H     006CH     UNIT         ?PR?_WRITE_8X16ASCII_STRING?MENU
            CODE    AFF4H     006BH     UNIT         ?PR?_SWINGTOENDARR?MENU
            CODE    B05FH     0058H     UNIT         ?PR?_WRITE_20X32_ARIAL_STRING?MIDDLEFONT
            CODE    B0B7H     0056H     UNIT         ?PR?FILLDISPLAY?DISPLAY
            CODE    B10DH     0055H     UNIT         ?PR?SET_GRAY_SCALE_TABLE?DISPLAY
            CODE    B162H     0054H     UNIT         ?PR?CLEARDISPLAY?DISPLAY
            CODE    B1B6H     0053H     UNIT         ?PR?READBYTEFROMDISPLAY?FONTDISPLAY
            CODE    B209H     0053H     UNIT         ?PR?_CLEARBIGFONTSQUARE?BIGFONT
            CODE    B25CH     004EH     UNIT         ?PR?BUTTONFUNCTION?BUTTONS
            CODE    B2AAH     004DH     UNIT         ?PR?DELAY1MS?DELAYS
            CODE    B2F7H     004DH     UNIT         ?PR?DELAY10MS?DELAYS
            CODE    B344H     004DH     UNIT         ?PR?DELAY35MS?DELAYS
            CODE    B391H     004DH     UNIT         ?PR?DELAY50MS?DELAYS
            CODE    B3DEH     004DH     UNIT         ?PR?DELAY100MS?DELAYS
            CODE    B42BH     004CH     UNIT         ?PR?DELAY5MKS?DELAYS
            CODE    B477H     004CH     UNIT         ?PR?DELAY10MKS?DELAYS
            CODE    B4C3H     004CH     UNIT         ?PR?DELAY100MKS?DELAYS
            CODE    B50FH     0049H     UNIT         ?PR?UART0_INTERRUPT?UART0
            CODE    B558H     0046H     UNIT         ?PR?_GETADDRESS_8X16_ASCII?FONTDISPLAY
            CODE    B59EH     0046H     UNIT         ?PR?_GETADDRESS_WIDTHADJUSTED_ARIAL_ASCII?FONTDISPLAY
            CODE    B5E4H     0044H     UNIT         ?PR?_GETADDRESS_7X8_ASCII?FONTDISPLAY
            CODE    B628H     003FH     UNIT         ?PR?_UART0_SENDDATA?UART0
            CODE    B667H     003EH     UNIT         ?PR?_DRAW_DOT?BIGFONT
            CODE    B6A5H     003DH     UNIT         ?PR?TIMER0_INTERRUPT?TIMER0
            CODE    B6E2H     003AH     UNIT         ?PR?BUTTONLAMPMODE?BUTTONS
            CODE    B71CH     0039H     UNIT         ?PR?BUTTONQSWMODE?BUTTONS
            CODE    B755H     0037H     UNIT         ?PR?TIMER2_INTERRUPT?INDICATION
            CODE    B78CH     0035H     UNIT         ?PR?BUTTONLAMP?BUTTONS
            CODE    B7C1H     0034H     UNIT         ?PR?BUTTONQSW1?BUTTONS
            CODE    B7F5H     0034H     UNIT         ?PR?BUTTONSHUTTER1?BUTTONS
            CODE    B829H     0032H     UNIT         ?PR?_TEST_BIT?FONTDISPLAY
            CODE    B85BH     0030H     UNIT         ?CO?DEVICEPARAMETERS
            CODE    B88BH     0028H     UNIT         ?PR?PORTS_INIT?INITCU
            CODE    B8B3H     0027H     UNIT         ?PR?PUTCHAR?PUTCHAR
            CODE    B8DAH     0022H     UNIT         ?PR?_CLEARARRAY?FONTDISPLAY
            CODE    B8FCH     0021H     UNIT         ?PR?_DRAW4PIXELS?FONTDISPLAY
            CODE    B91DH     0020H     UNIT         ?PR?_PUT_7X8ASCII_CHARONDISPLAY?FONTDISPLAY
            CODE    B93DH     001EH     UNIT         ?PR?INITCPU?INITCU
            CODE    B95BH     001CH     UNIT         ?PR?BUTTONSTOP?BUTTONS
            CODE    B977H     001AH     UNIT         ?PR?MAIN?MAIN
            CODE    B991H     0018H     UNIT         ?PR?SEND24BITADDRESSTODISPLAY?FONTDISPLAY
            CODE    B9A9H     0013H     UNIT         ?PR?_SET_COLUMN_ADDRESS?DISPLAY
            CODE    B9BCH     0013H     UNIT         ?PR?_SET_ROW_ADDRESS?DISPLAY
            CODE    B9CFH     0013H     UNIT         ?PR?WRITERAMCOMMAND?DISPLAY
            CODE    B9E2H     0013H     UNIT         ?PR?_INIT_5X7_ASCII?FONTDISPLAY
            CODE    B9F5H     0013H     UNIT         ?PR?_INIT_8X16_ASCII?FONTDISPLAY
            CODE    BA08H     0013H     UNIT         ?PR?_INIT_WIDTHADJUSTED_ARIAL_ASCII?FONTDISPLAY
            CODE    BA1BH     0013H     UNIT         ?PR?_ISSPACE?ISSPACE
            CODE    BA2EH     0012H     UNIT         ?PR?TIMER0_INIT?TIMER0
            CODE    BA40H     0012H     UNIT         ?PR?BUTTONQSW2?BUTTONS
            CODE    BA52H     0012H     UNIT         ?PR?BUTTONSHUTTER2?BUTTONS
            CODE    BA64H     0012H     UNIT         ?PR?UART0_ACCEPTDATA?UART0
            CODE    BA76H     0011H     UNIT         ?PR?TIMER2_INIT?TIMER2
            CODE    BA87H     0011H     UNIT         ?PR?_OLED_COMMAND?DISPLAY
            CODE    BA98H     0011H     UNIT         ?PR?_OLED_DATA?DISPLAY
            CODE    BAA9H     0011H     UNIT         ?PR?_SET_REMAP_FORMAT?DISPLAY
            CODE    BABAH     0011H     UNIT         ?PR?_SET_DISPLAY_ENHANCEMENT_B?DISPLAY
BL51 BANKED LINKER/LOCATER V6.22                                                      06/03/2021  14:52:33  PAGE 5


            CODE    BACBH     0010H     UNIT         ?PR?TIMER4_INIT?TIMER4
            CODE    BADBH     000FH     UNIT         ?PR?TIMER3_INIT?TIMER3
            CODE    BAEAH     000FH     UNIT         ?PR?_ISDIGIT?ISDIGIT
            CODE    BAF9H     000DH     UNIT         ?PR?START_SOUND?SOUND
            CODE    BB06H     000DH     UNIT         ?PR?BUTTON_SOUND?SOUND
            CODE    BB13H     000DH     UNIT         ?PR?STOP_BUTTON_SOUND?SOUND
            CODE    BB20H     000CH     UNIT         ?PR?SPI_INIT?INITCU
            CODE    BB2CH     000CH     UNIT         ?PR?TIMER1_INIT?TIMER1
            CODE    BB38H     000CH     UNIT         ?PR?_SET_COMMAND_LOCK?DISPLAY
            CODE    BB44H     000CH     UNIT         ?PR?_SET_FONT_CLOCK_DIVIDER?DISPLAY
            CODE    BB50H     000CH     UNIT         ?PR?_SET_MUX_RATIO?DISPLAY
            CODE    BB5CH     000CH     UNIT         ?PR?_SET_DISPLAY_OFFSET?DISPLAY
            CODE    BB68H     000CH     UNIT         ?PR?_SET_START_LINE?DISPLAY
            CODE    BB74H     000CH     UNIT         ?PR?_SET_CONTRAST_CURRENT?DISPLAY
            CODE    BB80H     000CH     UNIT         ?PR?_SET_MASTER_CONTRAST_CURRENT_CONTROL?DISPLAY
            CODE    BB8CH     000CH     UNIT         ?PR?_SET_PHASE_LENGTH?DISPLAY
            CODE    BB98H     000CH     UNIT         ?PR?_SET_PRECHARGE_VOLTAGE?DISPLAY
            CODE    BBA4H     000CH     UNIT         ?PR?_SET_SECOND_PRECHARGE_PERIOD?DISPLAY
            CODE    BBB0H     000CH     UNIT         ?PR?_SET_VCOMH?DISPLAY
            CODE    BBBCH     000CH     UNIT         ?PR?_SET_GPIO?DISPLAY
            CODE    BBC8H     000CH     UNIT         ?PR?_SET_FUNCTION_SELECTION?DISPLAY
            CODE    BBD4H     000CH     UNIT         ?PR?UART0_INIT?UART0
            CODE    BBE0H     000BH     UNIT         ?PR?WDT_DISABLED?INITCU
            CODE    BBEBH     000AH     UNIT         ?PR?TIMER0_OFF?TIMER0
            CODE    BBF5H     0009H     UNIT         ?PR?_UART0_TX_SENDBYTE?UART0
            CODE    BBFEH     0007H     UNIT         ?PR?INTERRUPTS_TIMER3_INIT?TIMER3
            CODE    BC05H     0007H     UNIT         ?PR?LONGPRESSFUNCTIONBUTTON?BUTTONS
            CODE    BC0CH     0006H     UNIT         ?PR?STARTINIT?MAIN
            CODE    BC12H     0006H     UNIT         ?PR?TIMER0_ON?TIMER0
            CODE    BC18H     0006H     UNIT         ?PR?TIMER3_ON?TIMER3
            CODE    BC1EH     0006H     UNIT         ?PR?TIMER3_OFF?TIMER3
            CODE    BC24H     0006H     UNIT         ?PR?REG3_ON?INDICATION
            CODE    BC2AH     0006H     UNIT         ?PR?REG3_OFF?INDICATION
            CODE    BC30H     0006H     UNIT         ?PR?REG4_ON?INDICATION
            CODE    BC36H     0006H     UNIT         ?PR?REG4_OFF?INDICATION
            CODE    BC3CH     0005H     UNIT         ?PR?EXIT_PARTIAL_DISPLAY?DISPLAY
            CODE    BC41H     0005H     UNIT         ?PR?_PGM_READ_BYTE?SOUND
            CODE    BC46H     0003H     UNIT         ?PR?_SET_DISPLAY_MODE?DISPLAY
            CODE    BC49H     0003H     UNIT         ?PR?_SET_SLEEP_MODE?DISPLAY
            CODE    BC4CH     0003H     UNIT         ?PR?_SETBRIGHTNESSBIGNUMBER?BIGFONT
            CODE    BC4FH     0001H     UNIT         ?PR?UPDATEQSW_F01?DEVICEPARAMETERS
            CODE    BC50H     0001H     UNIT         ?PR?UPDATEDELAY1?DEVICEPARAMETERS
            CODE    BC51H     0001H     UNIT         ?PR?UPDATEDELAY2?DEVICEPARAMETERS
            CODE    BC52H     0001H     UNIT         ?PR?UPDATESIMMEROFF?DEVICEPARAMETERS
            CODE    BC53H     0001H     UNIT         ?PR?UPDATEOPERATION_TIME?DEVICEPARAMETERS
            CODE    BC54H     0001H     UNIT         ?PR?UPDATEFLASH_NUMBER?DEVICEPARAMETERS
            CODE    BC55H     0001H     UNIT         ?PR?UPDATELAMPENERGYMAX?DEVICEPARAMETERS
            CODE    BC56H     0001H     UNIT         ?PR?UPDATEENERGYRADIATION1MAX?DEVICEPARAMETERS
            CODE    BC57H     0001H     UNIT         ?PR?UPDATEQSW_SHOTS?DEVICEPARAMETERS
            CODE    BC58H     0001H     UNIT         ?PR?UPDATE_CAPACITOR_V?DEVICEPARAMETERS
            CODE    BC59H     0001H     UNIT         ?PR?UPDATE_SET_VOLTAGE?DEVICEPARAMETERS
            CODE    BC5AH     0001H     UNIT         ?PR?UPDATE_U_PERCENT?DEVICEPARAMETERS
            CODE    BC5BH     0001H     UNIT         ?PR?UPDATE_PULS_LONGNESS?DEVICEPARAMETERS
            CODE    BC5CH     0001H     UNIT         ?PR?INIT_ALPHABET_5X7_ASCII?FONTDISPLAY
            CODE    BC5DH     0001H     UNIT         ?PR?INIT_ALPHABET_8X16_ASCII?FONTDISPLAY
            CODE    BC5EH     0001H     UNIT         ?PR?INIT_ALPHABET_WIDTHADJUSTED_ARIAL_ASCII?FONTDISPLAY
            CODE    BC5FH     0001H     UNIT         ?PR?INFO_MESSAGE_SOUND?SOUND
BL51 BANKED LINKER/LOCATER V6.22                                                      06/03/2021  14:52:33  PAGE 6


            CODE    BC60H     0001H     UNIT         ?PR?ERROR_MESSAGE_SOUND?SOUND



OVERLAY MAP OF MODULE:   .\Objects\third_ver (MAIN)


SEGMENT                                             BIT_GROUP          DATA_GROUP 
  +--> CALLED SEGMENT                            START    LENGTH     START    LENGTH
------------------------------------------------------------------------------------
?PR?TIMER3_INTERRUPT?TIMER3                      -----    -----      -----    -----
  +--> ?PR?TIMER3_OFF?TIMER3
  +--> ?PR?TIMER0_OFF?TIMER0

*** NEW ROOT ***************************************************

?PR?TIMER2_INTERRUPT?INDICATION                  -----    -----      -----    -----
  +--> ?PR?REG4_OFF?INDICATION
  +--> ?PR?REG3_ON?INDICATION
  +--> ?PR?REG3_OFF?INDICATION
  +--> ?PR?REG4_ON?INDICATION

*** NEW ROOT ***************************************************

?PR?UART0_INTERRUPT?UART0                        -----    -----      -----    -----
  +--> ?PR?UART0_ACCEPTDATA?UART0

*** NEW ROOT ***************************************************

?C_C51STARTUP                                    -----    -----      -----    -----
  +--> ?PR?MAIN?MAIN
  +--> ?C_INITSEG

?PR?MAIN?MAIN                                    -----    -----      -----    -----
  +--> ?PR?STARTINIT?MAIN
  +--> ?PR?CLEARDISPLAY?DISPLAY
  +--> ?PR?START_SOUND?SOUND
  +--> ?PR?LOADPARAMETERS?DEVICEPARAMETERS
  +--> ?PR?CHECKPRESSBUTTON?BUTTONS
  +--> ?PR?UPDATEMENU?MENU
  +--> ?PR?UPDATEINDICATION?INDICATION
  +--> ?PR?UPDATEPARAMETERS?DEVICEPARAMETERS

?PR?STARTINIT?MAIN                               -----    -----      -----    -----
  +--> ?PR?INITCPU?INITCU
  +--> ?PR?INITDISPLAY?DISPLAY

?PR?INITCPU?INITCU                               -----    -----      -----    -----
  +--> ?PR?WDT_DISABLED?INITCU
  +--> ?PR?PORTS_INIT?INITCU
  +--> ?PR?SYSCLK_INIT?INITCU
  +--> ?PR?SPI_INIT?INITCU
  +--> ?PR?UART0_INIT?UART0
  +--> ?PR?TIMER0_INIT?TIMER0
  +--> ?PR?TIMER1_INIT?TIMER1
  +--> ?PR?TIMER2_INIT?TIMER2
  +--> ?PR?TIMER3_INIT?TIMER3
BL51 BANKED LINKER/LOCATER V6.22                                                      06/03/2021  14:52:33  PAGE 7


  +--> ?PR?TIMER4_INIT?TIMER4

?PR?TIMER3_INIT?TIMER3                           -----    -----      -----    -----
  +--> ?PR?INTERRUPTS_TIMER3_INIT?TIMER3

?PR?INITDISPLAY?DISPLAY                          -----    -----      -----    -----
  +--> ?PR?DELAY100MS?DELAYS
  +--> ?PR?_SET_COMMAND_LOCK?DISPLAY
  +--> ?PR?_SET_DISPLAY_MODE?DISPLAY
  +--> ?PR?_SET_FONT_CLOCK_DIVIDER?DISPLAY
  +--> ?PR?_SET_MUX_RATIO?DISPLAY
  +--> ?PR?_SET_DISPLAY_OFFSET?DISPLAY
  +--> ?PR?_SET_START_LINE?DISPLAY
  +--> ?PR?_SET_REMAP_FORMAT?DISPLAY
  +--> ?PR?_SET_GPIO?DISPLAY
  +--> ?PR?_SET_FUNCTION_SELECTION?DISPLAY
  +--> ?PR?_SET_CONTRAST_CURRENT?DISPLAY
  +--> ?PR?_SET_MASTER_CONTRAST_CURRENT_CONT...
  +--> ?PR?SET_LINEAR_GRAY_SCALE_TABLE?DISPLAY
  +--> ?PR?_SET_PHASE_LENGTH?DISPLAY
  +--> ?PR?_SET_DISPLAY_ENHANCEMENT_B?DISPLAY
  +--> ?PR?_SET_PRECHARGE_VOLTAGE?DISPLAY
  +--> ?PR?_SET_SECOND_PRECHARGE_PERIOD?DISPLAY
  +--> ?PR?_SET_VCOMH?DISPLAY
  +--> ?PR?EXIT_PARTIAL_DISPLAY?DISPLAY
  +--> ?PR?DELAY1MS?DELAYS
  +--> ?PR?_SET_SLEEP_MODE?DISPLAY

?PR?_SET_COMMAND_LOCK?DISPLAY                    -----    -----      -----    -----
  +--> ?PR?_OLED_COMMAND?DISPLAY
  +--> ?PR?_OLED_DATA?DISPLAY

?PR?_SET_DISPLAY_MODE?DISPLAY                    -----    -----      -----    -----
  +--> ?PR?_OLED_COMMAND?DISPLAY

?PR?_SET_FONT_CLOCK_DIVIDER?DISPLAY              -----    -----      -----    -----
  +--> ?PR?_OLED_COMMAND?DISPLAY
  +--> ?PR?_OLED_DATA?DISPLAY

?PR?_SET_MUX_RATIO?DISPLAY                       -----    -----      -----    -----
  +--> ?PR?_OLED_COMMAND?DISPLAY
  +--> ?PR?_OLED_DATA?DISPLAY

?PR?_SET_DISPLAY_OFFSET?DISPLAY                  -----    -----      -----    -----
  +--> ?PR?_OLED_COMMAND?DISPLAY
  +--> ?PR?_OLED_DATA?DISPLAY

?PR?_SET_START_LINE?DISPLAY                      -----    -----      -----    -----
  +--> ?PR?_OLED_COMMAND?DISPLAY
  +--> ?PR?_OLED_DATA?DISPLAY

?PR?_SET_REMAP_FORMAT?DISPLAY                    -----    -----      -----    -----
  +--> ?PR?_OLED_COMMAND?DISPLAY
  +--> ?PR?_OLED_DATA?DISPLAY

?PR?_SET_GPIO?DISPLAY                            -----    -----      -----    -----
  +--> ?PR?_OLED_COMMAND?DISPLAY
BL51 BANKED LINKER/LOCATER V6.22                                                      06/03/2021  14:52:33  PAGE 8


  +--> ?PR?_OLED_DATA?DISPLAY

?PR?_SET_FUNCTION_SELECTION?DISPLAY              -----    -----      -----    -----
  +--> ?PR?_OLED_COMMAND?DISPLAY
  +--> ?PR?_OLED_DATA?DISPLAY

?PR?_SET_CONTRAST_CURRENT?DISPLAY                -----    -----      -----    -----
  +--> ?PR?_OLED_COMMAND?DISPLAY
  +--> ?PR?_OLED_DATA?DISPLAY

?PR?_SET_MASTER_CONTRAST_CURRENT_CONT...         -----    -----      -----    -----
  +--> ?PR?_OLED_COMMAND?DISPLAY
  +--> ?PR?_OLED_DATA?DISPLAY

?PR?SET_LINEAR_GRAY_SCALE_TABLE?DISPLAY          -----    -----      -----    -----
  +--> ?PR?_OLED_COMMAND?DISPLAY

?PR?_SET_PHASE_LENGTH?DISPLAY                    -----    -----      -----    -----
  +--> ?PR?_OLED_COMMAND?DISPLAY
  +--> ?PR?_OLED_DATA?DISPLAY

?PR?_SET_DISPLAY_ENHANCEMENT_B?DISPLAY           -----    -----      -----    -----
  +--> ?PR?_OLED_COMMAND?DISPLAY
  +--> ?PR?_OLED_DATA?DISPLAY

?PR?_SET_PRECHARGE_VOLTAGE?DISPLAY               -----    -----      -----    -----
  +--> ?PR?_OLED_COMMAND?DISPLAY
  +--> ?PR?_OLED_DATA?DISPLAY

?PR?_SET_SECOND_PRECHARGE_PERIOD?DISPLAY         -----    -----      -----    -----
  +--> ?PR?_OLED_COMMAND?DISPLAY
  +--> ?PR?_OLED_DATA?DISPLAY

?PR?_SET_VCOMH?DISPLAY                           -----    -----      -----    -----
  +--> ?PR?_OLED_COMMAND?DISPLAY
  +--> ?PR?_OLED_DATA?DISPLAY

?PR?EXIT_PARTIAL_DISPLAY?DISPLAY                 -----    -----      -----    -----
  +--> ?PR?_OLED_COMMAND?DISPLAY

?PR?_SET_SLEEP_MODE?DISPLAY                      -----    -----      -----    -----
  +--> ?PR?_OLED_COMMAND?DISPLAY

?PR?CLEARDISPLAY?DISPLAY                         -----    -----      -----    -----
  +--> ?PR?WRITERAMCOMMAND?DISPLAY
  +--> ?PR?_OLED_DATA?DISPLAY

?PR?WRITERAMCOMMAND?DISPLAY                      -----    -----      -----    -----
  +--> ?PR?_SET_COLUMN_ADDRESS?DISPLAY
  +--> ?PR?_SET_ROW_ADDRESS?DISPLAY
  +--> ?PR?_OLED_COMMAND?DISPLAY

?PR?_SET_COLUMN_ADDRESS?DISPLAY                  -----    -----      -----    -----
  +--> ?PR?_OLED_COMMAND?DISPLAY
  +--> ?PR?_OLED_DATA?DISPLAY

?PR?_SET_ROW_ADDRESS?DISPLAY                     -----    -----      -----    -----
BL51 BANKED LINKER/LOCATER V6.22                                                      06/03/2021  14:52:33  PAGE 9


  +--> ?PR?_OLED_COMMAND?DISPLAY
  +--> ?PR?_OLED_DATA?DISPLAY

?PR?START_SOUND?SOUND                            -----    -----      -----    -----
  +--> ?PR?_PLAY?SOUND

?PR?_PLAY?SOUND                                  -----    -----      -----    -----
  +--> ?PR?_PGM_READ_BYTE?SOUND
  +--> ?PR?TIMER0_OFF?TIMER0
  +--> ?PR?TIMER3_OFF?TIMER3
  +--> ?PR?TIMER0_ON?TIMER0
  +--> ?PR?TIMER3_ON?TIMER3

?PR?LOADPARAMETERS?DEVICEPARAMETERS              -----    -----      -----    -----
  +--> ?PR?UPDATELAMPFREQMAX?DEVICEPARAMETERS

?PR?UPDATELAMPFREQMAX?DEVICEPARAMETERS           -----    -----      -----    -----
  +--> ?CO?DEVICEPARAMETERS
  +--> ?PR?_UART0_SENDDATA?UART0
  +--> ?PR?_UART0_TX_SENDBYTE?UART0
  +--> ?PR?DELAY1MS?DELAYS
  +--> ?PR?_ATOI?ATOI

?PR?_UART0_SENDDATA?UART0                        -----    -----      0022H    0005H
  +--> ?PR?_UART0_TX_SENDBYTE?UART0
  +--> ?PR?DELAY100MKS?DELAYS

?PR?_ATOI?ATOI                                   0020H.0  0000H.1    0022H    0005H
  +--> ?PR?_ISSPACE?ISSPACE
  +--> ?PR?_ISDIGIT?ISDIGIT

?PR?CHECKPRESSBUTTON?BUTTONS                     -----    -----      -----    -----
  +--> ?PR?BUTTONDISPLAY?BUTTONS
  +--> ?PR?BUTTON_SOUND?SOUND
  +--> ?PR?DELAY100MS?DELAYS
  +--> ?PR?BUTTONLEFT?BUTTONS
  +--> ?PR?BUTTONRIGHT?BUTTONS
  +--> ?PR?BUTTONFUNCTION?BUTTONS
  +--> ?PR?LONGPRESSFUNCTIONBUTTON?BUTTONS
  +--> ?PR?BUTTONQSW2?BUTTONS
  +--> ?PR?BUTTONSTOP?BUTTONS
  +--> ?PR?BUTTONQSW1?BUTTONS
  +--> ?PR?BUTTONLAMP?BUTTONS
  +--> ?PR?BUTTONQSWMODE?BUTTONS
  +--> ?PR?BUTTONSHUTTER1?BUTTONS
  +--> ?PR?BUTTONSHUTTER2?BUTTONS
  +--> ?PR?BUTTONLAMPMODE?BUTTONS

?PR?BUTTON_SOUND?SOUND                           -----    -----      -----    -----
  +--> ?PR?_PLAY?SOUND

?PR?BUTTONLEFT?BUTTONS                           -----    -----      -----    -----
  +--> ?CO?BUTTONS
  +--> ?PR?PRINTF?PRINTF
  +--> ?PR?_UART0_SENDDATA?UART0
  +--> ?PR?_UART0_TX_SENDBYTE?UART0
  +--> ?PR?DELAY10MS?DELAYS
BL51 BANKED LINKER/LOCATER V6.22                                                      06/03/2021  14:52:33  PAGE 10



?PR?PRINTF?PRINTF                                0020H.0  0001H.1    0022H    001CH
  +--> ?PR?PUTCHAR?PUTCHAR

?PR?BUTTONRIGHT?BUTTONS                          -----    -----      -----    -----
  +--> ?CO?BUTTONS
  +--> ?PR?PRINTF?PRINTF
  +--> ?PR?_UART0_SENDDATA?UART0
  +--> ?PR?_UART0_TX_SENDBYTE?UART0
  +--> ?PR?DELAY10MS?DELAYS

?PR?BUTTONSTOP?BUTTONS                           -----    -----      -----    -----
  +--> ?PR?STOP_BUTTON_SOUND?SOUND
  +--> ?CO?BUTTONS
  +--> ?PR?_UART0_SENDDATA?UART0
  +--> ?PR?_UART0_TX_SENDBYTE?UART0

?PR?STOP_BUTTON_SOUND?SOUND                      -----    -----      -----    -----
  +--> ?PR?_PLAY?SOUND

?PR?BUTTONQSW1?BUTTONS                           -----    -----      -----    -----
  +--> ?CO?BUTTONS
  +--> ?PR?_UART0_SENDDATA?UART0
  +--> ?PR?_UART0_TX_SENDBYTE?UART0

?PR?BUTTONLAMP?BUTTONS                           -----    -----      -----    -----
  +--> ?CO?BUTTONS
  +--> ?PR?_UART0_SENDDATA?UART0
  +--> ?PR?_UART0_TX_SENDBYTE?UART0

?PR?BUTTONQSWMODE?BUTTONS                        -----    -----      -----    -----
  +--> ?CO?BUTTONS
  +--> ?PR?_UART0_SENDDATA?UART0
  +--> ?PR?_UART0_TX_SENDBYTE?UART0
  +--> ?PR?DELAY100MKS?DELAYS

?PR?BUTTONSHUTTER1?BUTTONS                       -----    -----      -----    -----
  +--> ?CO?BUTTONS
  +--> ?PR?_UART0_SENDDATA?UART0
  +--> ?PR?_UART0_TX_SENDBYTE?UART0

?PR?BUTTONLAMPMODE?BUTTONS                       -----    -----      -----    -----
  +--> ?CO?BUTTONS
  +--> ?PR?_UART0_SENDDATA?UART0
  +--> ?PR?_UART0_TX_SENDBYTE?UART0
  +--> ?PR?DELAY100MKS?DELAYS

?PR?UPDATEMENU?MENU                              -----    -----      -----    -----
  +--> ?CO?MENU
  +--> ?PR?_WRITE_8X16ASCII_STRING?MENU
  +--> ?PR?CLEARDISPLAY?DISPLAY
  +--> ?PR?_SETBRIGHTNESSBIGNUMBER?BIGFONT
  +--> ?PR?_CLEARBIGFONTSQUARE?BIGFONT
  +--> ?PR?_WRITE_5X7ASCII_STRING?MENU
  +--> ?PR?DELAY100MS?DELAYS
  +--> ?PR?LOG?LOG
  +--> ?PR?PRINTF?PRINTF
BL51 BANKED LINKER/LOCATER V6.22                                                      06/03/2021  14:52:33  PAGE 11


  +--> ?PR?_SWINGTOENDARR?MENU
  +--> ?PR?_WRITE_20X32_ARIAL_STRING?MIDDLEFONT
  +--> ?PR?RESETTEMPPARAM?MENU
  +--> ?PR?CALCOUTPUTPRRKOEFFICIENTS?DEVICEP...
  +--> ?PR?_SHOWBIGNUMBER?BIGFONT

?PR?_WRITE_8X16ASCII_STRING?MENU                 -----    -----      0022H    000AH
  +--> ?CO?MENU
  +--> ?PR?_PUT_8X16ASCII_CHARONDISPLAY?FONT...

?PR?_PUT_8X16ASCII_CHARONDISPLAY?FONT...         -----    -----      002CH    0004H
  +--> ?CO?FONTDISPLAY
  +--> ?PR?_DRAWCHAR8X16_TODISPLAY_ARRAY?FON...

?PR?_DRAWCHAR8X16_TODISPLAY_ARRAY?FON...         -----    -----      0030H    0006H
  +--> ?PR?_SET_COLUMN_ADDRESS?DISPLAY
  +--> ?PR?_SET_ROW_ADDRESS?DISPLAY
  +--> ?PR?WRITERAMCOMMAND?DISPLAY
  +--> ?PR?_TEST_BIT?FONTDISPLAY
  +--> ?PR?_OLED_DATA?DISPLAY

?PR?_CLEARBIGFONTSQUARE?BIGFONT                  -----    -----      0022H    0002H
  +--> ?PR?_SET_COLUMN_ADDRESS?DISPLAY
  +--> ?PR?_SET_ROW_ADDRESS?DISPLAY
  +--> ?PR?WRITERAMCOMMAND?DISPLAY
  +--> ?PR?_OLED_DATA?DISPLAY

?PR?_WRITE_5X7ASCII_STRING?MENU                  -----    -----      0022H    000AH
  +--> ?CO?MENU
  +--> ?PR?_PUT_5X7ASCII_CHARONDISPLAY?FONTD...

?PR?_PUT_5X7ASCII_CHARONDISPLAY?FONTD...         -----    -----      002CH    0004H
  +--> ?CO?FONTDISPLAY
  +--> ?PR?_DRAWCHAR5X7ASCII_TODISPLAY_ARRAY...

?PR?_DRAWCHAR5X7ASCII_TODISPLAY_ARRAY...         -----    -----      0030H    0006H
  +--> ?PR?_SET_COLUMN_ADDRESS?DISPLAY
  +--> ?PR?_SET_ROW_ADDRESS?DISPLAY
  +--> ?PR?WRITERAMCOMMAND?DISPLAY
  +--> ?PR?_TEST_BIT?FONTDISPLAY
  +--> ?PR?_OLED_DATA?DISPLAY

?PR?LOG?LOG                                      0020H.0  0000H.1    0022H    0004H

?PR?_SWINGTOENDARR?MENU                          -----    -----      0022H    0009H

?PR?_WRITE_20X32_ARIAL_STRING?MIDDLEFONT         -----    -----      0022H    000AH
  +--> ?PR?_PUT_CHAR_FONT_ARIAL_20X32_ON_DIS...

?PR?_PUT_CHAR_FONT_ARIAL_20X32_ON_DIS...         -----    -----      002CH    0004H
  +--> ?CO?MIDDLEFONT
  +--> ?PR?_DRAWCHAR_20X32_TODISPLAY_ARRAY?M...

?PR?_DRAWCHAR_20X32_TODISPLAY_ARRAY?M...         -----    -----      0030H    0006H
  +--> ?PR?_SET_COLUMN_ADDRESS?DISPLAY
  +--> ?PR?_SET_ROW_ADDRESS?DISPLAY
  +--> ?PR?WRITERAMCOMMAND?DISPLAY
BL51 BANKED LINKER/LOCATER V6.22                                                      06/03/2021  14:52:33  PAGE 12


  +--> ?PR?_TEST_BIT?FONTDISPLAY
  +--> ?PR?_OLED_DATA?DISPLAY

?PR?CALCOUTPUTPRRKOEFFICIENTS?DEVICEP...         -----    -----      0022H    0001H

?PR?_SHOWBIGNUMBER?BIGFONT                       -----    -----      0022H    0004H
  +--> ?PR?_DRAW_DOT?BIGFONT
  +--> ?CO?BIGFONT
  +--> ?PR?_DRAW_BIG_NUMBER?BIGFONT

?PR?_DRAW_DOT?BIGFONT                            -----    -----      0026H    0002H
  +--> ?PR?_SET_COLUMN_ADDRESS?DISPLAY
  +--> ?PR?_SET_ROW_ADDRESS?DISPLAY
  +--> ?PR?WRITERAMCOMMAND?DISPLAY
  +--> ?PR?_OLED_DATA?DISPLAY

?PR?_DRAW_BIG_NUMBER?BIGFONT                     -----    -----      0026H    0006H
  +--> ?PR?_SET_COLUMN_ADDRESS?DISPLAY
  +--> ?PR?_SET_ROW_ADDRESS?DISPLAY
  +--> ?PR?WRITERAMCOMMAND?DISPLAY
  +--> ?PR?_TEST_BIT?FONTDISPLAY
  +--> ?PR?_OLED_DATA?DISPLAY

?PR?UPDATEPARAMETERS?DEVICEPARAMETERS            -----    -----      -----    -----
  +--> ?PR?UPDATESTT?DEVICEPARAMETERS
  +--> ?PR?UPDATEENERGY?DEVICEPARAMETERS
  +--> ?PR?UPDATERADIATION1?DEVICEPARAMETERS
  +--> ?PR?UPDATERADIATION2?DEVICEPARAMETERS
  +--> ?PR?UPDATELAMPFREQUENCY?DEVICEPARAMETERS
  +--> ?PR?UPDATEQSW_F01?DEVICEPARAMETERS
  +--> ?PR?UPDATEQSW_SHOTS?DEVICEPARAMETERS
  +--> ?PR?UPDATEDELAY1?DEVICEPARAMETERS
  +--> ?PR?UPDATEDELAY2?DEVICEPARAMETERS
  +--> ?PR?UPDATESIMMEROFF?DEVICEPARAMETERS
  +--> ?PR?UPDATEOPERATION_TIME?DEVICEPARAME...
  +--> ?PR?UPDATEFLASH_NUMBER?DEVICEPARAMETERS
  +--> ?PR?UPDATELAMPENERGYMAX?DEVICEPARAMETERS
  +--> ?PR?UPDATELAMPFREQMAX?DEVICEPARAMETERS
  +--> ?PR?UPDATEENERGYRADIATION1MAX?DEVICEP...
  +--> ?PR?UPDATE_CAPACITOR_V?DEVICEPARAMETERS
  +--> ?PR?UPDATE_SET_VOLTAGE?DEVICEPARAMETERS
  +--> ?PR?UPDATE_U_PERCENT?DEVICEPARAMETERS
  +--> ?PR?UPDATE_PULS_LONGNESS?DEVICEPARAME...

?PR?UPDATESTT?DEVICEPARAMETERS                   -----    -----      -----    -----
  +--> ?CO?DEVICEPARAMETERS
  +--> ?PR?_UART0_SENDDATA?UART0
  +--> ?PR?_UART0_TX_SENDBYTE?UART0
  +--> ?PR?DELAY35MS?DELAYS
  +--> ?PR?_PUT_8X16ASCII_CHARONDISPLAY?FONT...

?PR?UPDATEENERGY?DEVICEPARAMETERS                -----    -----      -----    -----
  +--> ?CO?DEVICEPARAMETERS
  +--> ?PR?_UART0_SENDDATA?UART0
  +--> ?PR?_UART0_TX_SENDBYTE?UART0
  +--> ?PR?DELAY35MS?DELAYS
  +--> ?PR?_ATOI?ATOI
BL51 BANKED LINKER/LOCATER V6.22                                                      06/03/2021  14:52:33  PAGE 13



?PR?UPDATELAMPFREQUENCY?DEVICEPARAMETERS         -----    -----      -----    -----
  +--> ?CO?DEVICEPARAMETERS
  +--> ?PR?_UART0_SENDDATA?UART0
  +--> ?PR?_UART0_TX_SENDBYTE?UART0
  +--> ?PR?DELAY1MS?DELAYS
  +--> ?PR?_ATOI?ATOI



SYMBOL TABLE OF MODULE:  .\Objects\third_ver (MAIN)

  VALUE           TYPE          NAME
  ----------------------------------

  -------         MODULE        MAIN
  C:0000H         SYMBOL        _ICE_DUMMY_
  C:B977H         PUBLIC        main
  C:BC0CH         PUBLIC        StartInit
  -------         PROC          STARTINIT
  C:BC0CH         LINE#         11
  C:BC0CH         LINE#         12
  C:BC0FH         LINE#         13
  -------         ENDPROC       STARTINIT
  -------         PROC          MAIN
  C:B977H         LINE#         16
  C:B977H         LINE#         17
  C:B97AH         LINE#         18
  C:B97DH         LINE#         19
  C:B980H         LINE#         20
  C:B983H         LINE#         22
  C:B983H         LINE#         23
  C:B986H         LINE#         24
  C:B989H         LINE#         25
  C:B98CH         LINE#         26
  C:B98FH         LINE#         27
  -------         ENDPROC       MAIN
  -------         ENDMOD        MAIN

  -------         MODULE        INITCU
  C:0000H         SYMBOL        _ICE_DUMMY_
  D:009DH         PUBLIC        SPI0CKR
  D:00FFH         PUBLIC        WDTCN
  D:00B0H         PUBLIC        P3
  B:00B0H.4       PUBLIC        T0
  B:00B0H.5       PUBLIC        T1
  B:00A8H.7       PUBLIC        EA
  D:00E8H         PUBLIC        P6
  D:0084H         PUBLIC        SFRPAGE
  D:00A4H         PUBLIC        P0MDOUT
  D:00A5H         PUBLIC        P1MDOUT
  D:00A7H         PUBLIC        P3MDOUT
  D:009CH         PUBLIC        P4MDOUT
  D:009DH         PUBLIC        P5MDOUT
  C:B88BH         PUBLIC        Ports_Init
  D:009EH         PUBLIC        P6MDOUT
  B:00B0H.3       PUBLIC        MF_SO
BL51 BANKED LINKER/LOCATER V6.22                                                      06/03/2021  14:52:33  PAGE 14


  D:00E1H         PUBLIC        XBR0
  D:00E2H         PUBLIC        XBR1
  D:00E3H         PUBLIC        XBR2
  C:B93DH         PUBLIC        initCPU
  D:00F8H         PUBLIC        SPI0CN
  D:008AH         PUBLIC        OSCICN
  C:0003H         PUBLIC        SYSCLK_Init
  C:BB20H         PUBLIC        SPI_Init
  C:BBE0H         PUBLIC        WDT_Disabled
  D:009AH         PUBLIC        SPI0CFG
  -------         PROC          WDT_DISABLED
  C:BBE0H         LINE#         13
  C:BBE0H         LINE#         14
  C:BBE2H         LINE#         15
  C:BBE5H         LINE#         16
  C:BBE8H         LINE#         17
  C:BBEAH         LINE#         18
  -------         ENDPROC       WDT_DISABLED
  -------         PROC          PORTS_INIT
  C:B88BH         LINE#         19
  C:B88BH         LINE#         20
  C:B88EH         LINE#         21
  C:B891H         LINE#         22
  C:B894H         LINE#         23
  C:B897H         LINE#         24
  C:B89AH         LINE#         25
  C:B89DH         LINE#         26
  C:B8A0H         LINE#         27
  C:B8A3H         LINE#         28
  C:B8A6H         LINE#         29
  C:B8A9H         LINE#         30
  C:B8ACH         LINE#         31
  C:B8AEH         LINE#         32
  C:B8B0H         LINE#         33
  C:B8B2H         LINE#         34
  -------         ENDPROC       PORTS_INIT
  -------         PROC          SYSCLK_INIT
  C:0003H         LINE#         35
  C:0003H         LINE#         36
  C:0006H         LINE#         37
  C:0009H         LINE#         38
  -------         ENDPROC       SYSCLK_INIT
  -------         PROC          SPI_INIT
  C:BB20H         LINE#         39
  C:BB20H         LINE#         40
  C:BB23H         LINE#         41
  C:BB26H         LINE#         42
  C:BB28H         LINE#         43
  C:BB2BH         LINE#         44
  -------         ENDPROC       SPI_INIT
  -------         PROC          INITCPU
  C:B93DH         LINE#         46
  C:B93DH         LINE#         47
  C:B940H         LINE#         48
  C:B943H         LINE#         49
  C:B946H         LINE#         50
  C:B949H         LINE#         51
BL51 BANKED LINKER/LOCATER V6.22                                                      06/03/2021  14:52:33  PAGE 15


  C:B94CH         LINE#         52
  C:B94FH         LINE#         53
  C:B952H         LINE#         54
  C:B955H         LINE#         55
  C:B958H         LINE#         56
  -------         ENDPROC       INITCPU
  -------         ENDMOD        INITCU

  -------         MODULE        TIMER0
  C:0000H         SYMBOL        _ICE_DUMMY_
  D:00B0H         PUBLIC        P3
  B:00B0H.4       PUBLIC        T0
  B:00B0H.5       PUBLIC        T1
  D:0084H         PUBLIC        SFRPAGE
  X:051AH         PUBLIC        byte_T0
  C:BA2EH         PUBLIC        Timer0_Init
  C:BBEBH         PUBLIC        Timer0_Off
  D:0089H         PUBLIC        TMOD
  B:00A8H.1       PUBLIC        ET0
  B:0088H.5       PUBLIC        TF0
  D:008CH         PUBLIC        TH0
  D:008AH         PUBLIC        TL0
  C:BC12H         PUBLIC        Timer0_On
  B:00B8H.1       PUBLIC        PT0
  B:0088H.4       PUBLIC        TR0
  C:B6A5H         PUBLIC        Timer0_Interrupt
  D:008EH         PUBLIC        CKCON
  -------         PROC          TIMER0_INIT
  C:BA2EH         LINE#         8
  C:BA2EH         LINE#         10
  C:BA31H         LINE#         11
  C:BA33H         LINE#         12
  C:BA35H         LINE#         13
  C:BA38H         LINE#         14
  C:BA3BH         LINE#         15
  C:BA3DH         LINE#         16
  C:BA3FH         LINE#         17
  -------         ENDPROC       TIMER0_INIT
  -------         PROC          TIMER0_ON
  C:BC12H         LINE#         19
  C:BC12H         LINE#         20
  C:BC15H         LINE#         21
  C:BC17H         LINE#         23
  -------         ENDPROC       TIMER0_ON
  -------         PROC          TIMER0_OFF
  C:BBEBH         LINE#         24
  C:BBEBH         LINE#         25
  C:BBEEH         LINE#         26
  C:BBF0H         LINE#         27
  C:BBF2H         LINE#         28
  C:BBF4H         LINE#         29
  -------         ENDPROC       TIMER0_OFF
  -------         PROC          TIMER0_INTERRUPT
  C:B6A5H         LINE#         32
  C:B6B2H         LINE#         33
  C:B6B5H         LINE#         34
  C:B6BEH         LINE#         35
BL51 BANKED LINKER/LOCATER V6.22                                                      06/03/2021  14:52:33  PAGE 16


  C:B6C1H         LINE#         37
  C:B6CBH         LINE#         38
  C:B6CDH         LINE#         39
  C:B6CFH         LINE#         40
  C:B6D1H         LINE#         41
  C:B6D3H         LINE#         42
  C:B6D5H         LINE#         43
  C:B6D5H         LINE#         44
  C:B6D7H         LINE#         45
  -------         ENDPROC       TIMER0_INTERRUPT
  -------         ENDMOD        TIMER0

  -------         MODULE        TIMER1
  C:0000H         SYMBOL        _ICE_DUMMY_
  D:0084H         PUBLIC        SFRPAGE
  C:BB2CH         PUBLIC        Timer1_Init
  D:0089H         PUBLIC        TMOD
  D:008DH         PUBLIC        TH1
  B:0088H.6       PUBLIC        TR1
  -------         PROC          TIMER1_INIT
  C:BB2CH         LINE#         4
  C:BB2CH         LINE#         5
  C:BB2FH         LINE#         6
  C:BB32H         LINE#         7
  C:BB34H         LINE#         8
  C:BB37H         LINE#         9
  -------         ENDPROC       TIMER1_INIT
  -------         ENDMOD        TIMER1

  -------         MODULE        TIMER2
  C:0000H         SYMBOL        _ICE_DUMMY_
  D:0084H         PUBLIC        SFRPAGE
  D:00CBH         PUBLIC        RCAP2H
  D:00CAH         PUBLIC        RCAP2L
  C:BA76H         PUBLIC        Timer2_Init
  D:00C9H         PUBLIC        TMR2CF
  B:00A8H.5       PUBLIC        ET2
  B:00B8H.5       PUBLIC        PT2
  B:00C8H.2       PUBLIC        TR2
  -------         PROC          TIMER2_INIT
  C:BA76H         LINE#         3
  C:BA76H         LINE#         5
  C:BA79H         LINE#         6
  C:BA7BH         LINE#         7
  C:BA7DH         LINE#         8
  C:BA7FH         LINE#         9
  C:BA81H         LINE#         10
  C:BA83H         LINE#         11
  C:BA86H         LINE#         13
  -------         ENDPROC       TIMER2_INIT
  -------         ENDMOD        TIMER2

  -------         MODULE        TIMER3
  C:0000H         SYMBOL        _ICE_DUMMY_
  D:00E7H         PUBLIC        EIE2
  D:0084H         PUBLIC        SFRPAGE
  D:00F7H         PUBLIC        EIP2
BL51 BANKED LINKER/LOCATER V6.22                                                      06/03/2021  14:52:33  PAGE 17


  D:00CBH         PUBLIC        RCAP3H
  D:00CAH         PUBLIC        RCAP3L
  X:050BH         PUBLIC        note_delay
  C:BADBH         PUBLIC        Timer3_Init
  D:00C9H         PUBLIC        TMR3CF
  X:050DH         PUBLIC        times_sound
  C:BC1EH         PUBLIC        Timer3_Off
  B:00C8H.7       PUBLIC        TF3
  C:BC18H         PUBLIC        Timer3_On
  C:BBFEH         PUBLIC        Interrupts_Timer3_Init
  B:00C8H.2       PUBLIC        TR3
  C:ADBCH         PUBLIC        Timer3_Interrupt
  -------         PROC          INTERRUPTS_TIMER3_INIT
  C:BBFEH         LINE#         8
  C:BBFEH         LINE#         9
  C:BC01H         LINE#         10
  C:BC04H         LINE#         11
  -------         ENDPROC       INTERRUPTS_TIMER3_INIT
  -------         PROC          TIMER3_INIT
  C:BADBH         LINE#         13
  C:BADBH         LINE#         14
  C:BADEH         LINE#         15
  C:BAE1H         LINE#         16
  C:BAE4H         LINE#         17
  C:BAE7H         LINE#         18
  -------         ENDPROC       TIMER3_INIT
  -------         PROC          TIMER3_ON
  C:BC18H         LINE#         21
  C:BC18H         LINE#         22
  C:BC1BH         LINE#         23
  C:BC1DH         LINE#         24
  -------         ENDPROC       TIMER3_ON
  -------         PROC          TIMER3_OFF
  C:BC1EH         LINE#         25
  C:BC1EH         LINE#         26
  C:BC21H         LINE#         27
  C:BC23H         LINE#         28
  -------         ENDPROC       TIMER3_OFF
  -------         PROC          TIMER3_INTERRUPT
  C:ADBCH         LINE#         30
  C:ADD9H         LINE#         31
  C:ADDCH         LINE#         32
  C:ADDEH         LINE#         34
  C:ADECH         LINE#         35
  C:AE01H         LINE#         36
  C:AE01H         LINE#         37
  C:AE0BH         LINE#         38
  C:AE12H         LINE#         39
  C:AE15H         LINE#         40
  C:AE18H         LINE#         41
  C:AE18H         LINE#         42
  -------         ENDPROC       TIMER3_INTERRUPT
  -------         ENDMOD        TIMER3

  -------         MODULE        TIMER4
  C:0000H         SYMBOL        _ICE_DUMMY_
  D:0090H         PUBLIC        P1
BL51 BANKED LINKER/LOCATER V6.22                                                      06/03/2021  14:52:33  PAGE 18


  D:0084H         PUBLIC        SFRPAGE
  D:00CBH         PUBLIC        RCAP4H
  D:00CAH         PUBLIC        RCAP4L
  C:BACBH         PUBLIC        Timer4_Init
  D:00C9H         PUBLIC        TMR4CF
  D:00C8H         PUBLIC        TMR4CN
  -------         PROC          TIMER4_INIT
  C:BACBH         LINE#         5
  C:BACBH         LINE#         6
  C:BACEH         LINE#         7
  C:BAD1H         LINE#         8
  C:BAD4H         LINE#         9
  C:BAD7H         LINE#         10
  C:BADAH         LINE#         11
  -------         ENDPROC       TIMER4_INIT
  -------         ENDMOD        TIMER4

  -------         MODULE        DISPLAY
  C:0000H         SYMBOL        _ICE_DUMMY_
  D:0080H         PUBLIC        P0
  D:0090H         PUBLIC        P1
  C:BA98H         PUBLIC        _oled_Data
  C:B0B7H         PUBLIC        fillDisplay
  B:0090H.0       PUBLIC        DC
  C:BC3CH         PUBLIC        Exit_Partial_Display
  C:BB68H         PUBLIC        _Set_Start_Line
  D:0084H         PUBLIC        SFRPAGE
  C:BBB0H         PUBLIC        _Set_VCOMH
  C:AEA9H         PUBLIC        initDisplay
  B:0090H.1       PUBLIC        CS
  C:BB44H         PUBLIC        _Set_Font_Clock_Divider
  C:BB74H         PUBLIC        _Set_Contrast_Current
  C:B9A9H         PUBLIC        _Set_Column_Address
  C:BBA4H         PUBLIC        _Set_Second_Precharge_Period
  B:00F8H.7       PUBLIC        SPIF
  C:BB5CH         PUBLIC        _Set_Display_Offset
  C:B10DH         PUBLIC        Set_Gray_Scale_Table
  C:BB38H         PUBLIC        _Set_Command_Lock
  C:BBBCH         PUBLIC        _Set_GPIO
  C:BB80H         PUBLIC        _Set_Master_Contrast_Current_Control
  C:BB8CH         PUBLIC        _Set_Phase_Length
  C:BA87H         PUBLIC        _oled_Command
  C:BC46H         PUBLIC        _Set_Display_Mode
  C:BAA9H         PUBLIC        _Set_Remap_Format
  C:B9DDH         PUBLIC        writeRAMCommand
  C:000EH         PUBLIC        _Set_Display_Enhancement_A
  C:BABAH         PUBLIC        _Set_Display_Enhancement_B
  C:BB98H         PUBLIC        _Set_Precharge_Voltage
  C:B162H         PUBLIC        clearDisplay
  C:BBC8H         PUBLIC        _Set_Function_Selection
  X:050FH         PUBLIC        k
  B:0090H.2       PUBLIC        RES
  C:BB50H         PUBLIC        _Set_MUX_Ratio
  X:0511H         PUBLIC        m
  C:BC49H         PUBLIC        _Set_Sleep_Mode
  C:B9BCH         PUBLIC        _Set_Row_Address
  D:009BH         PUBLIC        SPI0DAT
BL51 BANKED LINKER/LOCATER V6.22                                                      06/03/2021  14:52:33  PAGE 19


  C:0026H         PUBLIC        Set_Linear_Gray_Scale_Table
  -------         PROC          _OLED_COMMAND
  D:0007H         SYMBOL        command_spi
  C:BA87H         LINE#         14
  C:BA87H         LINE#         15
  C:BA8AH         LINE#         16
  C:BA8CH         LINE#         17
  C:BA8EH         LINE#         18
  C:BA90H         LINE#         19
  C:BA93H         LINE#         20
  C:BA95H         LINE#         21
  C:BA97H         LINE#         22
  -------         ENDPROC       _OLED_COMMAND
  -------         PROC          _OLED_DATA
  D:0007H         SYMBOL        data_spi
  C:BA98H         LINE#         24
  C:BA98H         LINE#         25
  C:BA9BH         LINE#         26
  C:BA9DH         LINE#         27
  C:BA9FH         LINE#         28
  C:BAA1H         LINE#         29
  C:BAA4H         LINE#         30
  C:BAA6H         LINE#         31
  C:BAA8H         LINE#         32
  -------         ENDPROC       _OLED_DATA
  -------         PROC          _SET_COMMAND_LOCK
  D:0006H         SYMBOL        d
  C:BB38H         LINE#         34
  C:BB3AH         LINE#         35
  C:BB3AH         LINE#         36
  C:BB3FH         LINE#         37
  -------         ENDPROC       _SET_COMMAND_LOCK
  -------         PROC          _SET_DISPLAY_MODE
  D:0007H         SYMBOL        d
  C:BC46H         LINE#         39
  C:BC46H         LINE#         40
  C:BC46H         LINE#         41
  -------         ENDPROC       _SET_DISPLAY_MODE
  -------         PROC          _SET_FONT_CLOCK_DIVIDER
  D:0006H         SYMBOL        d
  C:BB44H         LINE#         44
  C:BB46H         LINE#         45
  C:BB46H         LINE#         46
  C:BB4BH         LINE#         47
  -------         ENDPROC       _SET_FONT_CLOCK_DIVIDER
  -------         PROC          _SET_MUX_RATIO
  D:0006H         SYMBOL        d
  C:BB50H         LINE#         51
  C:BB52H         LINE#         52
  C:BB52H         LINE#         53
  C:BB57H         LINE#         54
  -------         ENDPROC       _SET_MUX_RATIO
  -------         PROC          _SET_COLUMN_ADDRESS
  D:0005H         SYMBOL        a
  D:0006H         SYMBOL        b
  C:B9A9H         LINE#         57
  C:B9ADH         LINE#         58
BL51 BANKED LINKER/LOCATER V6.22                                                      06/03/2021  14:52:33  PAGE 20


  C:B9ADH         LINE#         59
  C:B9B2H         LINE#         60
  C:B9B7H         LINE#         61
  -------         ENDPROC       _SET_COLUMN_ADDRESS
  -------         PROC          _SET_ROW_ADDRESS
  D:0005H         SYMBOL        a
  D:0006H         SYMBOL        b
  C:B9BCH         LINE#         64
  C:B9C0H         LINE#         65
  C:B9C0H         LINE#         66
  C:B9C5H         LINE#         67
  C:B9CAH         LINE#         68
  -------         ENDPROC       _SET_ROW_ADDRESS
  -------         PROC          _SET_DISPLAY_OFFSET
  D:0006H         SYMBOL        d
  C:BB5CH         LINE#         70
  C:BB5EH         LINE#         71
  C:BB5EH         LINE#         72
  C:BB63H         LINE#         73
  -------         ENDPROC       _SET_DISPLAY_OFFSET
  -------         PROC          _SET_START_LINE
  D:0006H         SYMBOL        d
  C:BB68H         LINE#         75
  C:BB6AH         LINE#         76
  C:BB6AH         LINE#         77
  C:BB6FH         LINE#         78
  -------         ENDPROC       _SET_START_LINE
  -------         PROC          _SET_REMAP_FORMAT
  D:0006H         SYMBOL        d
  C:BAA9H         LINE#         80
  C:BAABH         LINE#         81
  C:BAABH         LINE#         82
  C:BAB0H         LINE#         83
  C:BAB5H         LINE#         89
  -------         ENDPROC       _SET_REMAP_FORMAT
  -------         PROC          _SET_CONTRAST_CURRENT
  D:0006H         SYMBOL        d
  C:BB74H         LINE#         91
  C:BB76H         LINE#         92
  C:BB76H         LINE#         93
  C:BB7BH         LINE#         94
  -------         ENDPROC       _SET_CONTRAST_CURRENT
  -------         PROC          _SET_MASTER_CONTRAST_CURRENT_CONTROL
  D:0006H         SYMBOL        d
  C:BB80H         LINE#         96
  C:BB82H         LINE#         97
  C:BB82H         LINE#         98
  C:BB87H         LINE#         99
  -------         ENDPROC       _SET_MASTER_CONTRAST_CURRENT_CONTROL
  -------         PROC          SET_LINEAR_GRAY_SCALE_TABLE
  C:0026H         LINE#         101
  C:0026H         LINE#         102
  C:0026H         LINE#         103
  -------         ENDPROC       SET_LINEAR_GRAY_SCALE_TABLE
  -------         PROC          _SET_PHASE_LENGTH
  D:0006H         SYMBOL        d
  C:BB8CH         LINE#         106
BL51 BANKED LINKER/LOCATER V6.22                                                      06/03/2021  14:52:33  PAGE 21


  C:BB8EH         LINE#         107
  C:BB8EH         LINE#         108
  C:BB93H         LINE#         109
  -------         ENDPROC       _SET_PHASE_LENGTH
  -------         PROC          _SET_DISPLAY_ENHANCEMENT_B
  D:0006H         SYMBOL        d
  C:BABAH         LINE#         114
  C:BABCH         LINE#         115
  C:BABCH         LINE#         116
  C:BAC1H         LINE#         117
  C:BAC6H         LINE#         120
  -------         ENDPROC       _SET_DISPLAY_ENHANCEMENT_B
  -------         PROC          _SET_PRECHARGE_VOLTAGE
  D:0006H         SYMBOL        d
  C:BB98H         LINE#         123
  C:BB9AH         LINE#         124
  C:BB9AH         LINE#         125
  C:BB9FH         LINE#         126
  -------         ENDPROC       _SET_PRECHARGE_VOLTAGE
  -------         PROC          _SET_SECOND_PRECHARGE_PERIOD
  D:0006H         SYMBOL        d
  C:BBA4H         LINE#         129
  C:BBA6H         LINE#         130
  C:BBA6H         LINE#         131
  C:BBABH         LINE#         132
  -------         ENDPROC       _SET_SECOND_PRECHARGE_PERIOD
  -------         PROC          _SET_VCOMH
  D:0006H         SYMBOL        d
  C:BBB0H         LINE#         135
  C:BBB2H         LINE#         136
  C:BBB2H         LINE#         137
  C:BBB7H         LINE#         138
  -------         ENDPROC       _SET_VCOMH
  -------         PROC          EXIT_PARTIAL_DISPLAY
  C:BC3CH         LINE#         141
  C:BC3CH         LINE#         142
  C:BC3CH         LINE#         143
  -------         ENDPROC       EXIT_PARTIAL_DISPLAY
  -------         PROC          _SET_SLEEP_MODE
  D:0007H         SYMBOL        d
  C:BC49H         LINE#         146
  C:BC49H         LINE#         147
  C:BC49H         LINE#         148
  -------         ENDPROC       _SET_SLEEP_MODE
  -------         PROC          _SET_GPIO
  D:0006H         SYMBOL        d
  C:BBBCH         LINE#         152
  C:BBBEH         LINE#         153
  C:BBBEH         LINE#         154
  C:BBC3H         LINE#         155
  -------         ENDPROC       _SET_GPIO
  -------         PROC          _SET_FUNCTION_SELECTION
  D:0006H         SYMBOL        d
  C:BBC8H         LINE#         157
  C:BBCAH         LINE#         158
  C:BBCAH         LINE#         159
  C:BBCFH         LINE#         160
BL51 BANKED LINKER/LOCATER V6.22                                                      06/03/2021  14:52:33  PAGE 22


  -------         ENDPROC       _SET_FUNCTION_SELECTION
  -------         PROC          _SET_DISPLAY_ENHANCEMENT_A
  D:0006H         SYMBOL        a
  D:0005H         SYMBOL        b
  C:000EH         LINE#         163
  C:0010H         LINE#         164
  C:0010H         LINE#         165
  C:0015H         LINE#         166
  C:001CH         LINE#         169
  -------         ENDPROC       _SET_DISPLAY_ENHANCEMENT_A
  -------         PROC          SET_GRAY_SCALE_TABLE
  C:B10DH         LINE#         175
  C:B10DH         LINE#         176
  C:B10DH         LINE#         177
  C:B112H         LINE#         178
  C:B117H         LINE#         179
  C:B11CH         LINE#         180
  C:B121H         LINE#         181
  C:B126H         LINE#         182
  C:B12BH         LINE#         183
  C:B130H         LINE#         184
  C:B135H         LINE#         185
  C:B13AH         LINE#         186
  C:B13FH         LINE#         187
  C:B144H         LINE#         188
  C:B149H         LINE#         189
  C:B14EH         LINE#         190
  C:B153H         LINE#         191
  C:B158H         LINE#         192
  C:B15DH         LINE#         193
  -------         ENDPROC       SET_GRAY_SCALE_TABLE
  -------         PROC          L?0046
  -------         ENDPROC       L?0046
  -------         PROC          WRITERAMCOMMAND
  C:B9DDH         LINE#         196
  C:B9DDH         LINE#         197
  C:B9DDH         LINE#         198
  -------         ENDPROC       WRITERAMCOMMAND
  -------         PROC          CLEARDISPLAY
  C:B162H         LINE#         201
  C:B162H         LINE#         202
  C:B162H         LINE#         203
  C:B162H         LINE#         204
  C:B165H         LINE#         205
  C:B16CH         LINE#         206
  C:B173H         LINE#         207
  C:B178H         LINE#         208
  C:B17BH         LINE#         209
  C:B198H         LINE#         210
  C:B1B5H         LINE#         211
  -------         ENDPROC       CLEARDISPLAY
  -------         PROC          FILLDISPLAY
  C:B0B7H         LINE#         213
  C:B0B7H         LINE#         214
  C:B0B7H         LINE#         215
  C:B0B7H         LINE#         216
  C:B0BAH         LINE#         217
BL51 BANKED LINKER/LOCATER V6.22                                                      06/03/2021  14:52:33  PAGE 23


  C:B0C1H         LINE#         218
  C:B0C8H         LINE#         219
  C:B0CDH         LINE#         220
  C:B0D2H         LINE#         221
  C:B0EFH         LINE#         222
  C:B10CH         LINE#         223
  -------         ENDPROC       FILLDISPLAY
  -------         PROC          INITDISPLAY
  C:AEA9H         LINE#         225
  C:AEA9H         LINE#         227
  C:AEABH         LINE#         228
  C:AEAEH         LINE#         229
  C:AEB0H         LINE#         230
  C:AEB3H         LINE#         231
  C:AEB8H         LINE#         232
  C:AEBDH         LINE#         233
  C:AEC2H         LINE#         234
  C:AEC7H         LINE#         235
  C:AECCH         LINE#         236
  C:AED1H         LINE#         237
  C:AED6H         LINE#         238
  C:AEDBH         LINE#         239
  C:AEE0H         LINE#         240
  C:AEE5H         LINE#         241
  C:AEEAH         LINE#         242
  C:AEEDH         LINE#         243
  C:AEF2H         LINE#         244
  C:AEF7H         LINE#         245
  C:AEFCH         LINE#         246
  C:AF01H         LINE#         247
  C:AF06H         LINE#         248
  C:AF09H         LINE#         249
  C:AF0EH         LINE#         250
  C:AF11H         LINE#         251
  C:AF16H         LINE#         252
  C:AF19H         LINE#         253
  -------         ENDPROC       INITDISPLAY
  -------         ENDMOD        DISPLAY

  -------         MODULE        DELAYS
  C:0000H         SYMBOL        _ICE_DUMMY_
  C:B2AAH         PUBLIC        delay1mS
  C:B477H         PUBLIC        delay10mkS
  C:B2F7H         PUBLIC        delay10mS
  X:0513H         PUBLIC        del
  C:B391H         PUBLIC        delay50mS
  C:B344H         PUBLIC        delay35mS
  C:B4C3H         PUBLIC        delay100mkS
  C:B3DEH         PUBLIC        delay100mS
  C:B42BH         PUBLIC        delay5mkS
  -------         PROC          DELAY5MKS
  C:B42BH         LINE#         2
  C:B42BH         LINE#         3
  C:B476H         LINE#         4
  -------         ENDPROC       DELAY5MKS
  -------         PROC          DELAY10MKS
  C:B477H         LINE#         5
BL51 BANKED LINKER/LOCATER V6.22                                                      06/03/2021  14:52:33  PAGE 24


  C:B477H         LINE#         6
  C:B4C2H         LINE#         7
  -------         ENDPROC       DELAY10MKS
  -------         PROC          DELAY100MKS
  C:B4C3H         LINE#         8
  C:B4C3H         LINE#         9
  C:B50EH         LINE#         10
  -------         ENDPROC       DELAY100MKS
  -------         PROC          DELAY1MS
  C:B2AAH         LINE#         11
  C:B2AAH         LINE#         12
  C:B2F6H         LINE#         13
  -------         ENDPROC       DELAY1MS
  -------         PROC          DELAY10MS
  C:B2F7H         LINE#         14
  C:B2F7H         LINE#         15
  C:B343H         LINE#         16
  -------         ENDPROC       DELAY10MS
  -------         PROC          DELAY35MS
  C:B344H         LINE#         17
  C:B344H         LINE#         18
  C:B390H         LINE#         19
  -------         ENDPROC       DELAY35MS
  -------         PROC          DELAY50MS
  C:B391H         LINE#         20
  C:B391H         LINE#         21
  C:B3DDH         LINE#         22
  -------         ENDPROC       DELAY50MS
  -------         PROC          DELAY100MS
  C:B3DEH         LINE#         23
  C:B3DEH         LINE#         24
  C:B42AH         LINE#         25
  -------         ENDPROC       DELAY100MS
  -------         ENDMOD        DELAYS

  -------         MODULE        BUTTONS
  C:0000H         SYMBOL        _ICE_DUMMY_
  D:00D8H         PUBLIC        P5
  D:00E8H         PUBLIC        P6
  X:04F3H         PUBLIC        ENERGY_str
  D:0084H         PUBLIC        SFRPAGE
  C:B7C1H         PUBLIC        buttonQsw1
  C:BA40H         PUBLIC        buttonQsw2
  X:04F7H         PUBLIC        timePressFunctionButton
  C:BC05H         PUBLIC        longPressFunctionButton
  C:A49AH         PUBLIC        checkPressButton
  C:7E00H         PUBLIC        buttonRight
  B:00D8H.2       PUBLIC        A10
  D:003EH         PUBLIC        A10_value
  D:003FH         PUBLIC        inut_P0_value
  D:0040H         PUBLIC        inut_P1_value
  D:0041H         PUBLIC        inut_P2_value
  D:0042H         PUBLIC        inut_P3_value
  C:B78CH         PUBLIC        buttonLamp
  C:73FDH         PUBLIC        buttonLeft
  C:B6E2H         PUBLIC        buttonLampMode
  C:B7F5H         PUBLIC        buttonShutter1
BL51 BANKED LINKER/LOCATER V6.22                                                      06/03/2021  14:52:33  PAGE 25


  C:BA52H         PUBLIC        buttonShutter2
  C:B95BH         PUBLIC        buttonStop
  X:04F9H         PUBLIC        DELAY1_str
  X:0500H         PUBLIC        DELAY2_str
  B:00E8H.0       PUBLIC        P_0
  B:00E8H.1       PUBLIC        P_1
  B:00E8H.2       PUBLIC        P_2
  B:00E8H.3       PUBLIC        P_3
  C:B71CH         PUBLIC        buttonQswMode
  C:B25CH         PUBLIC        buttonFunction
  B:00D8H.0       PUBLIC        A8
  B:00D8H.1       PUBLIC        A9
  C:AE33H         PUBLIC        buttonDisplay
  X:0507H         PUBLIC        LAMP_FREQUENCY_str
  -------         PROC          BUTTONDISPLAY
  C:AE33H         LINE#         33
  C:AE33H         LINE#         35
  C:AE67H         LINE#         36
  C:AE6EH         LINE#         37
  C:AE75H         LINE#         38
  C:AE77H         LINE#         39
  C:AE79H         LINE#         40
  C:AE7BH         LINE#         41
  C:AE80H         LINE#         42
  C:AE8BH         LINE#         43
  C:AE92H         LINE#         44
  C:AE99H         LINE#         45
  C:AEA0H         LINE#         46
  C:AEA8H         LINE#         47
  C:AEA8H         LINE#         49
  -------         ENDPROC       BUTTONDISPLAY
  -------         PROC          BUTTONLEFT
  C:73FDH         LINE#         50
  C:73FDH         LINE#         51
  C:7465H         LINE#         52
  C:7466H         LINE#         53
  C:7474H         LINE#         55
  C:7489H         LINE#         56
  C:748EH         LINE#         60
  C:74AAH         LINE#         62
  C:74ADH         LINE#         63
  C:74BAH         LINE#         64
  C:74C7H         LINE#         65
  C:74CCH         LINE#         66
  C:74CFH         LINE#         69
  C:74DEH         LINE#         71
  C:74DEH         LINE#         72
  C:74DEH         LINE#         73
  C:74DEH         LINE#         75
  C:74E1H         LINE#         76
  C:74EEH         LINE#         77
  C:74FCH         LINE#         79
  C:7511H         LINE#         80
  C:7516H         LINE#         81
  C:7516H         LINE#         85
  C:7532H         LINE#         87
  C:7535H         LINE#         88
BL51 BANKED LINKER/LOCATER V6.22                                                      06/03/2021  14:52:33  PAGE 26


  C:7542H         LINE#         89
  C:754FH         LINE#         90
  C:7554H         LINE#         91
  C:7557H         LINE#         94
  C:7566H         LINE#         96
  C:756EH         LINE#         97
  C:756EH         LINE#         98
  C:756EH         LINE#         99
  C:7571H         LINE#         100
  C:757FH         LINE#         101
  C:7587H         LINE#         102
  C:758BH         LINE#         103
  C:75A9H         LINE#         104
  C:75C5H         LINE#         105
  C:75CDH         LINE#         106
  C:75CDH         LINE#         107
  C:75D0H         LINE#         108
  C:75E2H         LINE#         109
  C:75EAH         LINE#         110
  C:75EAH         LINE#         111
  C:75EDH         LINE#         112
  C:7610H         LINE#         114
  C:7632H         LINE#         115
  C:7646H         LINE#         116
  C:7646H         LINE#         120
  C:766DH         LINE#         121
  C:7670H         LINE#         122
  C:767DH         LINE#         123
  C:768AH         LINE#         124
  C:768FH         LINE#         125
  C:7692H         LINE#         128
  C:769EH         LINE#         130
  C:76A1H         LINE#         131
  C:76C4H         LINE#         132
  C:76E6H         LINE#         133
  C:76FAH         LINE#         134
  C:76FAH         LINE#         135
  C:7721H         LINE#         136
  C:7724H         LINE#         137
  C:7731H         LINE#         138
  C:773EH         LINE#         139
  C:7743H         LINE#         140
  C:7746H         LINE#         141
  C:7755H         LINE#         142
  C:7755H         LINE#         143
  C:7761H         LINE#         144
  C:7764H         LINE#         145
  C:7765H         LINE#         146
  C:7765H         LINE#         147
  C:776EH         LINE#         148
  C:7777H         LINE#         149
  C:777EH         LINE#         150
  C:7787H         LINE#         151
  C:778EH         LINE#         152
  C:77A6H         LINE#         153
  C:77B2H         LINE#         154
  C:77C7H         LINE#         155
BL51 BANKED LINKER/LOCATER V6.22                                                      06/03/2021  14:52:33  PAGE 27


  C:77CCH         LINE#         156
  C:77CCH         LINE#         157
  C:77CCH         LINE#         158
  C:77CDH         LINE#         159
  C:77E5H         LINE#         160
  C:77F1H         LINE#         161
  C:7806H         LINE#         162
  C:780BH         LINE#         163
  C:7813H         LINE#         164
  C:7813H         LINE#         165
  C:7813H         LINE#         166
  C:7814H         LINE#         167
  C:7826H         LINE#         168
  C:782EH         LINE#         169
  C:782EH         LINE#         170
  C:7831H         LINE#         171
  C:783FH         LINE#         172
  C:784CH         LINE#         173
  C:7852H         LINE#         174
  C:7852H         LINE#         175
  C:7852H         LINE#         176
  C:7854H         LINE#         177
  C:7862H         LINE#         178
  C:786FH         LINE#         179
  C:7875H         LINE#         180
  C:7875H         LINE#         181
  C:7875H         LINE#         182
  C:7877H         LINE#         183
  C:7885H         LINE#         184
  C:7892H         LINE#         185
  C:7898H         LINE#         186
  C:7898H         LINE#         187
  C:789BH         LINE#         188
  C:789EH         LINE#         189
  C:789EH         LINE#         190
  C:78A0H         LINE#         191
  C:78AEH         LINE#         192
  C:78BBH         LINE#         193
  C:78C1H         LINE#         194
  C:78C1H         LINE#         195
  C:78C4H         LINE#         196
  C:78C7H         LINE#         197
  C:78CAH         LINE#         198
  C:78CAH         LINE#         199
  C:78CAH         LINE#         200
  C:78D9H         LINE#         201
  C:78D9H         LINE#         202
  C:78E1H         LINE#         203
  C:78E1H         LINE#         204
  C:78E3H         LINE#         205
  C:78F8H         LINE#         206
  C:78F8H         LINE#         207
  C:7904H         LINE#         208
  C:7904H         LINE#         209
  C:7904H         LINE#         210
  C:7904H         LINE#         211
  C:7904H         LINE#         212
BL51 BANKED LINKER/LOCATER V6.22                                                      06/03/2021  14:52:33  PAGE 28


  -------         ENDPROC       BUTTONLEFT
  -------         PROC          BUTTONRIGHT
  C:7E00H         LINE#         213
  C:7E00H         LINE#         214
  C:7E4CH         LINE#         215
  C:7E57H         LINE#         216
  C:7E58H         LINE#         217
  C:7E66H         LINE#         219
  C:7E7BH         LINE#         220
  C:7E80H         LINE#         221
  C:7E80H         LINE#         225
  C:7E9CH         LINE#         227
  C:7E9FH         LINE#         228
  C:7EACH         LINE#         229
  C:7EB9H         LINE#         230
  C:7EBEH         LINE#         231
  C:7EC1H         LINE#         234
  C:7ED0H         LINE#         236
  C:7ED0H         LINE#         237
  C:7ED0H         LINE#         238
  C:7ED0H         LINE#         239
  C:7ED3H         LINE#         240
  C:7ED3H         LINE#         241
  C:7ED4H         LINE#         242
  C:7EE2H         LINE#         244
  C:7EF7H         LINE#         245
  C:7EFCH         LINE#         246
  C:7EFCH         LINE#         250
  C:7F18H         LINE#         251
  C:7F1BH         LINE#         252
  C:7F28H         LINE#         253
  C:7F35H         LINE#         254
  C:7F3AH         LINE#         255
  C:7F3DH         LINE#         257
  C:7F4CH         LINE#         259
  C:7F54H         LINE#         260
  C:7F54H         LINE#         261
  C:7F54H         LINE#         262
  C:7F57H         LINE#         263
  C:7F72H         LINE#         264
  C:7F7EH         LINE#         265
  C:7F91H         LINE#         266
  C:7FA0H         LINE#         267
  C:7FBEH         LINE#         268
  C:7FDAH         LINE#         269
  C:7FE2H         LINE#         270
  C:7FE2H         LINE#         271
  C:7FE5H         LINE#         272
  C:8007H         LINE#         273
  C:8017H         LINE#         274
  C:8023H         LINE#         275
  C:8023H         LINE#         276
  C:8024H         LINE#         277
  C:8044H         LINE#         279
  C:8066H         LINE#         280
  C:807AH         LINE#         281
  C:807AH         LINE#         285
BL51 BANKED LINKER/LOCATER V6.22                                                      06/03/2021  14:52:33  PAGE 29


  C:80A1H         LINE#         287
  C:80A4H         LINE#         288
  C:80B1H         LINE#         289
  C:80BEH         LINE#         290
  C:80C3H         LINE#         291
  C:80C6H         LINE#         294
  C:80D2H         LINE#         296
  C:80D5H         LINE#         297
  C:80F5H         LINE#         298
  C:8117H         LINE#         299
  C:812BH         LINE#         300
  C:812BH         LINE#         301
  C:8152H         LINE#         303
  C:8155H         LINE#         304
  C:8162H         LINE#         305
  C:816FH         LINE#         306
  C:8174H         LINE#         307
  C:8177H         LINE#         309
  C:8186H         LINE#         311
  C:8186H         LINE#         312
  C:8192H         LINE#         313
  C:8195H         LINE#         314
  C:8196H         LINE#         315
  C:819FH         LINE#         316
  C:81A8H         LINE#         317
  C:81A8H         LINE#         318
  C:81A8H         LINE#         319
  C:81C0H         LINE#         320
  C:81CCH         LINE#         321
  C:81CCH         LINE#         322
  C:81CDH         LINE#         323
  C:81E5H         LINE#         324
  C:81F1H         LINE#         325
  C:81F1H         LINE#         326
  C:81F2H         LINE#         327
  C:820AH         LINE#         328
  C:8216H         LINE#         329
  C:8216H         LINE#         330
  C:8217H         LINE#         331
  C:8225H         LINE#         332
  C:8234H         LINE#         333
  C:8239H         LINE#         334
  C:8239H         LINE#         335
  C:8239H         LINE#         336
  C:823BH         LINE#         337
  C:8249H         LINE#         338
  C:8258H         LINE#         339
  C:825DH         LINE#         340
  C:825DH         LINE#         341
  C:825DH         LINE#         342
  C:825FH         LINE#         343
  C:826DH         LINE#         344
  C:827CH         LINE#         345
  C:8281H         LINE#         346
  C:8281H         LINE#         347
  C:8284H         LINE#         348
  C:8287H         LINE#         349
BL51 BANKED LINKER/LOCATER V6.22                                                      06/03/2021  14:52:33  PAGE 30


  C:8287H         LINE#         350
  C:8289H         LINE#         351
  C:8297H         LINE#         352
  C:82A6H         LINE#         353
  C:82A6H         LINE#         354
  C:82ABH         LINE#         355
  C:82ABH         LINE#         356
  C:82AEH         LINE#         357
  C:82B1H         LINE#         358
  C:82B4H         LINE#         359
  C:82B4H         LINE#         360
  C:82B4H         LINE#         361
  C:82C3H         LINE#         362
  C:82C3H         LINE#         363
  C:82CFH         LINE#         364
  C:82CFH         LINE#         365
  C:82D0H         LINE#         366
  C:82E5H         LINE#         367
  C:82E5H         LINE#         368
  C:82F1H         LINE#         369
  C:82F1H         LINE#         370
  C:82F1H         LINE#         371
  C:82F1H         LINE#         372
  C:82F1H         LINE#         373
  -------         ENDPROC       BUTTONRIGHT
  -------         PROC          BUTTONFUNCTION
  C:B25CH         LINE#         374
  C:B25CH         LINE#         375
  C:B296H         LINE#         376
  C:B298H         LINE#         377
  C:B29AH         LINE#         378
  C:B2A1H         LINE#         379
  C:B2A1H         LINE#         380
  C:B2A3H         LINE#         381
  C:B2A3H         LINE#         382
  C:B2A9H         LINE#         383
  C:B2A9H         LINE#         384
  C:B2A9H         LINE#         385
  -------         ENDPROC       BUTTONFUNCTION
  -------         PROC          BUTTONQSW2
  C:BA40H         LINE#         386
  C:BA40H         LINE#         387
  C:BA4BH         LINE#         388
  C:BA51H         LINE#         389
  -------         ENDPROC       BUTTONQSW2
  -------         PROC          BUTTONSTOP
  C:B95BH         LINE#         390
  C:B95BH         LINE#         391
  C:B95EH         LINE#         392
  C:B961H         LINE#         393
  C:B96EH         LINE#         394
  C:B973H         LINE#         395
  C:B976H         LINE#         396
  -------         ENDPROC       BUTTONSTOP
  -------         PROC          BUTTONQSW1
  C:B7C1H         LINE#         397
  C:B7C1H         LINE#         399
BL51 BANKED LINKER/LOCATER V6.22                                                      06/03/2021  14:52:33  PAGE 31


  C:B7C7H         LINE#         400
  C:B7C9H         LINE#         402
  C:B7CCH         LINE#         403
  C:B7D6H         LINE#         404
  C:B7D6H         LINE#         405
  C:B7D6H         LINE#         406
  C:B7D8H         LINE#         407
  C:B7D8H         LINE#         408
  C:B7DDH         LINE#         410
  C:B7E0H         LINE#         411
  C:B7ECH         LINE#         412
  C:B7F1H         LINE#         413
  C:B7F4H         LINE#         414
  C:B7F4H         LINE#         415
  -------         ENDPROC       BUTTONQSW1
  -------         PROC          BUTTONLAMP
  C:B78CH         LINE#         416
  C:B78CH         LINE#         417
  C:B79BH         LINE#         418
  C:B79BH         LINE#         419
  C:B79BH         LINE#         420
  C:B79BH         LINE#         421
  C:B79BH         LINE#         422
  C:B79BH         LINE#         423
  C:B79BH         LINE#         424
  C:B79EH         LINE#         426
  C:B7A6H         LINE#         427
  C:B7A6H         LINE#         428
  C:B7A6H         LINE#         429
  C:B7A8H         LINE#         430
  C:B7A8H         LINE#         431
  C:B7ABH         LINE#         432
  C:B7B8H         LINE#         433
  C:B7BDH         LINE#         434
  C:B7C0H         LINE#         435
  C:B7C0H         LINE#         436
  C:B7C0H         LINE#         437
  C:B7C0H         LINE#         439
  -------         ENDPROC       BUTTONLAMP
  -------         PROC          BUTTONQSWMODE
  C:B71CH         LINE#         440
  C:B71CH         LINE#         441
  C:B72AH         LINE#         442
  C:B72FH         LINE#         444
  C:B732H         LINE#         445
  C:B73FH         LINE#         446
  C:B749H         LINE#         447
  C:B74CH         LINE#         448
  C:B751H         LINE#         449
  C:B754H         LINE#         450
  -------         ENDPROC       BUTTONQSWMODE
  -------         PROC          BUTTONSHUTTER1
  C:B7F5H         LINE#         451
  C:B7F5H         LINE#         453
  C:B7FBH         LINE#         455
  C:B7FDH         LINE#         457
  C:B800H         LINE#         458
BL51 BANKED LINKER/LOCATER V6.22                                                      06/03/2021  14:52:33  PAGE 32


  C:B80AH         LINE#         459
  C:B80AH         LINE#         460
  C:B80AH         LINE#         461
  C:B80CH         LINE#         463
  C:B811H         LINE#         465
  C:B814H         LINE#         466
  C:B820H         LINE#         467
  C:B825H         LINE#         468
  C:B828H         LINE#         469
  C:B828H         LINE#         470
  -------         ENDPROC       BUTTONSHUTTER1
  -------         PROC          BUTTONSHUTTER2
  C:BA52H         LINE#         471
[...]


  C:B07DH         LINE#         367
  C:B097H         LINE#         368
  C:B0ACH         LINE#         369
  C:B0B6H         LINE#         370
  -------         ENDPROC       _WRITE_20X32_ARIAL_STRING
  -------         ENDMOD        MIDDLEFONT

  -------         MODULE        INDICATION
  C:0000H         SYMBOL        _ICE_DUMMY_
  D:0090H         PUBLIC        P1
  D:00C8H         PUBLIC        P4
  D:00D8H         PUBLIC        P5
  D:0084H         PUBLIC        SFRPAGE
  C:BC2AH         PUBLIC        REG3_Off
  C:BC36H         PUBLIC        REG4_Off
  C:9EBCH         PUBLIC        updateIndication
  B:0090H.6       PUBLIC        DOIDGREEN
  B:00D8H.6       PUBLIC        A14
  B:00D8H.7       PUBLIC        A15
  C:BC24H         PUBLIC        REG3_On
  C:BC30H         PUBLIC        REG4_On
  B:00C8H.7       PUBLIC        TF2
  C:B755H         PUBLIC        Timer2_Interrupt
  X:0517H         PUBLIC        P4_REG3
  X:0518H         PUBLIC        P4_REG4
  X:0519H         PUBLIC        trigger
  -------         PROC          REG3_ON
  C:BC24H         LINE#         13
  C:BC24H         LINE#         14
  C:BC27H         LINE#         15
  C:BC29H         LINE#         17
  -------         ENDPROC       REG3_ON
  -------         PROC          REG3_OFF
  C:BC2AH         LINE#         18
  C:BC2AH         LINE#         19
  C:BC2DH         LINE#         20
  C:BC2FH         LINE#         21
  -------         ENDPROC       REG3_OFF
  -------         PROC          REG4_ON
  C:BC30H         LINE#         23
  C:BC30H         LINE#         24
  C:BC33H         LINE#         25
  C:BC35H         LINE#         26
  -------         ENDPROC       REG4_ON
  -------         PROC          REG4_OFF
  C:BC36H         LINE#         27
  C:BC36H         LINE#         28
  C:BC39H         LINE#         29
  C:BC3BH         LINE#         30
  -------         ENDPROC       REG4_OFF
  -------         PROC          TIMER2_INTERRUPT
  C:B755H         LINE#         32
  C:B75BH         LINE#         33
  C:B75EH         LINE#         34
  C:B760H         LINE#         36
  C:B766H         LINE#         37
  C:B769H         LINE#         38
BL51 BANKED LINKER/LOCATER V6.22                                                      06/03/2021  14:52:33  PAGE 90


  C:B76CH         LINE#         39
  C:B76FH         LINE#         42
  C:B771H         LINE#         43
  C:B774H         LINE#         44
  C:B777H         LINE#         45
  C:B77DH         LINE#         46
  C:B77DH         LINE#         47
  C:B783H         LINE#         48
  C:B785H         LINE#         49
  -------         ENDPROC       TIMER2_INTERRUPT
  -------         PROC          UPDATEINDICATION
  C:9EBCH         LINE#         50
  C:9EBCH         LINE#         51
  C:9EBFH         LINE#         53
  C:9ECEH         LINE#         54
  C:9ED6H         LINE#         55
  C:9EE4H         LINE#         56
  C:9EF0H         LINE#         57
  C:9EF0H         LINE#         58
  C:9EF0H         LINE#         59
  C:9EFAH         LINE#         60
  C:9F02H         LINE#         61
  C:9F0EH         LINE#         62
  C:9F0EH         LINE#         63
  C:9F0EH         LINE#         64
  C:9F18H         LINE#         65
  C:9F20H         LINE#         66
  C:9F2CH         LINE#         67
  C:9F2CH         LINE#         68
  C:9F2CH         LINE#         69
  C:9F3BH         LINE#         70
  C:9F49H         LINE#         71
  C:9F4CH         LINE#         72
  C:9F4CH         LINE#         73
  C:9F4EH         LINE#         74
  C:9F5CH         LINE#         75
  C:9F6AH         LINE#         76
  C:9F6DH         LINE#         77
  C:9F6FH         LINE#         78
  C:9F7DH         LINE#         79
  C:9F8BH         LINE#         80
  C:9F97H         LINE#         81
  C:9F97H         LINE#         82
  C:9F97H         LINE#         83
  C:9F97H         LINE#         84
  C:9FABH         LINE#         85
  C:9FB2H         LINE#         86
  C:9FB6H         LINE#         87
  C:9FB6H         LINE#         88
  C:9FB6H         LINE#         89
  C:9FB6H         LINE#         90
  C:9FB8H         LINE#         91
  C:9FBFH         LINE#         92
  C:9FC4H         LINE#         93
  C:9FC6H         LINE#         94
  C:9FC6H         LINE#         95
  C:9FC6H         LINE#         96
BL51 BANKED LINKER/LOCATER V6.22                                                      06/03/2021  14:52:33  PAGE 91


  C:9FC8H         LINE#         97
  C:9FCFH         LINE#         98
  C:9FD4H         LINE#         99
  C:9FD7H         LINE#         100
  C:9FD9H         LINE#         101
  C:9FD9H         LINE#         102
  C:9FDBH         LINE#         103
  C:9FE2H         LINE#         104
  C:9FE7H         LINE#         105
  C:9FEAH         LINE#         106
  C:9FEDH         LINE#         107
  C:9FF0H         LINE#         108
  C:9FF1H         LINE#         109
  C:9FF8H         LINE#         110
  C:9FFDH         LINE#         111
  C:A000H         LINE#         112
  C:A003H         LINE#         113
  C:A006H         LINE#         114
  C:A006H         LINE#         115
  C:A006H         LINE#         116
  C:A006H         LINE#         117
  -------         ENDPROC       UPDATEINDICATION
  -------         ENDMOD        INDICATION

  -------         MODULE        SFRPAGE
  C:0000H         SYMBOL        _ICE_DUMMY_
  D:005CH         PUBLIC        temp_SFR_page
  -------         ENDMOD        SFRPAGE

  -------         MODULE        SOUND
  C:0000H         SYMBOL        _ICE_DUMMY_
  D:0084H         PUBLIC        SFRPAGE
  C:BB06H         PUBLIC        button_Sound
  X:0000H         PUBLIC        melody
  X:0012H         PUBLIC        delay
  C:BB13H         PUBLIC        stop_Button_Sound
  X:0022H         PUBLIC        gamma_1
  C:BAF9H         PUBLIC        start_Sound
  X:0044H         PUBLIC        startMelody
  X:0048H         PUBLIC        Happy_Birthday
  X:007BH         PUBLIC        kod_delay
  X:007CH         PUBLIC        Kuznechik
  X:00F4H         PUBLIC        nota
  X:0134H         PUBLIC        byte
  C:ACA3H         PUBLIC        _play
  X:0135H         PUBLIC        Elochka
  X:0161H         PUBLIC        sper
  X:0164H         PUBLIC        buttonPressSound
  C:BC60H         PUBLIC        error_Message_Sound
  C:BC5FH         PUBLIC        info_Message_Sound
  X:0166H         PUBLIC        Pirates_Of_The_Caribbean
  X:0252H         PUBLIC        kod_tona
  X:0253H         PUBLIC        buttonStopSound
  C:BC41H         PUBLIC        _pgm_read_byte
  X:025BH         PUBLIC        gamma_1_32
  X:027DH         PUBLIC        x
  -------         PROC          _PGM_READ_BYTE
BL51 BANKED LINKER/LOCATER V6.22                                                      06/03/2021  14:52:33  PAGE 92


  D:0001H         SYMBOL        sper
  C:BC41H         LINE#         100
  C:BC41H         LINE#         101
  C:BC45H         LINE#         102
  -------         ENDPROC       _PGM_READ_BYTE
  C:AC9BH         SYMBOL        L?0012
  -------         PROC          L?0011
  -------         ENDPROC       L?0011
  C:AC9BH         SYMBOL        L?0012
  -------         PROC          _PLAY
  D:0001H         SYMBOL        melody
  C:ACA3H         LINE#         104
  C:ACA3H         LINE#         105
  C:ACA6H         LINE#         106
  C:ACB1H         LINE#         107
  C:ACB8H         LINE#         108
  C:ACCBH         LINE#         109
  C:ACCEH         LINE#         110
  C:ACD1H         LINE#         111
  C:ACD4H         LINE#         112
  C:ACD9H         LINE#         113
  C:ACDCH         LINE#         114
  C:ACDCH         LINE#         115
  C:ACE8H         LINE#         116
  C:ACF4H         LINE#         117
  C:AD0CH         LINE#         118
  C:AD24H         LINE#         119
  C:AD27H         LINE#         120
  C:AD2AH         LINE#         121
  C:AD2DH         LINE#         122
  C:AD2FH         LINE#         123
  -------         ENDPROC       _PLAY
  -------         PROC          START_SOUND
  C:BAF9H         LINE#         125
  C:BAF9H         LINE#         126
  C:BAFCH         LINE#         127
  C:BB02H         LINE#         128
  C:BB05H         LINE#         129
  -------         ENDPROC       START_SOUND
  -------         PROC          BUTTON_SOUND
  C:BB06H         LINE#         130
  C:BB06H         LINE#         131
  C:BB09H         LINE#         132
  C:BB0FH         LINE#         133
  C:BB12H         LINE#         134
  -------         ENDPROC       BUTTON_SOUND
  -------         PROC          INFO_MESSAGE_SOUND
  C:BC5FH         LINE#         136
  C:BC5FH         LINE#         138
  -------         ENDPROC       INFO_MESSAGE_SOUND
  -------         PROC          ERROR_MESSAGE_SOUND
  C:BC60H         LINE#         140
  C:BC60H         LINE#         142
  -------         ENDPROC       ERROR_MESSAGE_SOUND
  -------         PROC          STOP_BUTTON_SOUND
  C:BB13H         LINE#         143
  C:BB13H         LINE#         144
BL51 BANKED LINKER/LOCATER V6.22                                                      06/03/2021  14:52:33  PAGE 93


  C:BB16H         LINE#         145
  C:BB1CH         LINE#         146
  C:BB1FH         LINE#         147
  -------         ENDPROC       STOP_BUTTON_SOUND
  -------         ENDMOD        SOUND

  -------         MODULE        UART0
  C:0000H         SYMBOL        _ICE_DUMMY_
  D:0084H         PUBLIC        SFRPAGE
  B:0098H.4       PUBLIC        REN0
  D:00B8H         PUBLIC        IP
  C:BBF5H         PUBLIC        _UART0_TX_sendByte
  C:BA64H         PUBLIC        UART0_acceptData
  C:B50FH         PUBLIC        UART0_interrupt
  B:00A8H.4       PUBLIC        ES0
  X:03AFH         PUBLIC        ib
  B:0098H.0       PUBLIC        RI0
  B:0098H.1       PUBLIC        TI0
  D:0099H         PUBLIC        SBUF0
  C:BBD4H         PUBLIC        UART0_Init
  D:0098H         PUBLIC        SCON0
  X:03B1H         PUBLIC        tmp_byte
  D:0091H         PUBLIC        SSTA0
  C:B628H         PUBLIC        _UART0_sendData
  X:03B2H         PUBLIC        buffer
  -------         PROC          UART0_INIT
  C:BBD4H         LINE#         10
  C:BBD4H         LINE#         11
  C:BBD7H         LINE#         12
  C:BBDAH         LINE#         13
  C:BBDDH         LINE#         14
  C:BBDFH         LINE#         15
  -------         ENDPROC       UART0_INIT
  -------         PROC          _UART0_TX_SENDBYTE
  D:0007H         SYMBOL        byte
  C:BBF5H         LINE#         17
  C:BBF5H         LINE#         18
  C:BBF8H         LINE#         19
  C:BBFBH         LINE#         20
  C:BBFDH         LINE#         21
  -------         ENDPROC       _UART0_TX_SENDBYTE
  -------         PROC          _UART0_SENDDATA
  D:0022H         SYMBOL        string
  D:0025H         SYMBOL        lenght
  C:B628H         LINE#         23
  C:B632H         LINE#         24
  C:B635H         LINE#         25
  C:B637H         LINE#         26
  C:B642H         LINE#         27
  C:B653H         LINE#         28
  C:B656H         LINE#         29
  C:B658H         LINE#         30
  -------         ENDPROC       _UART0_SENDDATA
  -------         PROC          UART0_ACCEPTDATA
  C:BA64H         LINE#         33
  C:BA64H         LINE#         34
  C:BA67H         LINE#         35
BL51 BANKED LINKER/LOCATER V6.22                                                      06/03/2021  14:52:33  PAGE 94


  C:BA6AH         LINE#         36
  C:BA6AH         LINE#         37
  C:BA70H         LINE#         38
  C:BA70H         LINE#         39
  C:BA75H         LINE#         40
  -------         ENDPROC       UART0_ACCEPTDATA
  -------         PROC          UART0_INTERRUPT
  C:B50FH         LINE#         42
  C:B51EH         LINE#         43
  C:B521H         LINE#         45
  C:B523H         LINE#         46
  C:B526H         LINE#         47
  C:B53BH         LINE#         48
  C:B549H         LINE#         49
  C:B54BH         LINE#         50
  C:B54BH         LINE#         51
  -------         ENDPROC       UART0_INTERRUPT
  -------         ENDMOD        UART0

  -------         MODULE        ?C?FPADD
  C:54DAH         PUBLIC        ?C?FPADD
  C:54D6H         PUBLIC        ?C?FPSUB
  -------         ENDMOD        ?C?FPADD

  -------         MODULE        ?C?FPMUL
  C:55CBH         PUBLIC        ?C?FPMUL
  -------         ENDMOD        ?C?FPMUL

  -------         MODULE        ?C?FCAST
  C:56DBH         PUBLIC        ?C?FCASTC
  C:56D6H         PUBLIC        ?C?FCASTI
  C:56D1H         PUBLIC        ?C?FCASTL
  -------         ENDMOD        ?C?FCAST

  -------         MODULE        ?C?CASTF
  C:570FH         PUBLIC        ?C?CASTF
  -------         ENDMOD        ?C?CASTF

  -------         MODULE        PRINTF
  D:0022H         PUBLIC        ?_PRINTF?BYTE
  D:0022H         PUBLIC        ?_SPRINTF?BYTE
  C:8354H         PUBLIC        _PRINTF
  C:834EH         PUBLIC        _SPRINTF
  -------         ENDMOD        PRINTF

  -------         MODULE        LOG
  C:A179H         PUBLIC        _LOG
  C:A175H         PUBLIC        _LOG10
  -------         ENDMOD        LOG

  -------         MODULE        ?C?FPDIV
  C:5793H         PUBLIC        ?C?FPDIV
  -------         ENDMOD        ?C?FPDIV

  -------         MODULE        ?C?FPROUND
  C:5830H         PUBLIC        ?C?FPROUND
  -------         ENDMOD        ?C?FPROUND
BL51 BANKED LINKER/LOCATER V6.22                                                      06/03/2021  14:52:33  PAGE 95



  -------         MODULE        ?C?FPCONVERT
  C:585FH         PUBLIC        ?C?FPCONVERT
  -------         ENDMOD        ?C?FPCONVERT

  -------         MODULE        ?C?FTNPWR
  C:59DFH         PUBLIC        ?C?FTNPWR
  -------         ENDMOD        ?C?FTNPWR

  -------         MODULE        ?C?COPY
  C:5AEFH         PUBLIC        ?C?COPY
  -------         ENDMOD        ?C?COPY

  -------         MODULE        ?C?CLDPTR
  C:5B15H         PUBLIC        ?C?CLDPTR
  -------         ENDMOD        ?C?CLDPTR

  -------         MODULE        ?C?CLDOPTR
  C:5B2EH         PUBLIC        ?C?CLDOPTR
  -------         ENDMOD        ?C?CLDOPTR

  -------         MODULE        ?C?CSTPTR
  C:5B5BH         PUBLIC        ?C?CSTPTR
  -------         ENDMOD        ?C?CSTPTR

  -------         MODULE        ?C?CSTOPTR
  C:5B6DH         PUBLIC        ?C?CSTOPTR
  -------         ENDMOD        ?C?CSTOPTR

  -------         MODULE        ?C?IMUL
  C:5B8FH         PUBLIC        ?C?IMUL
  -------         ENDMOD        ?C?IMUL

  -------         MODULE        ?C?UIDIV
  C:5BA1H         PUBLIC        ?C?UIDIV
  -------         ENDMOD        ?C?UIDIV

  -------         MODULE        ?C?SIDIV
  C:5BF6H         PUBLIC        ?C?SIDIV
  -------         ENDMOD        ?C?SIDIV

  -------         MODULE        ?C?IILDX
  C:5C2CH         PUBLIC        ?C?IILDX
  -------         ENDMOD        ?C?IILDX

  -------         MODULE        ?C?ULDIV
  C:5C7EH         PUBLIC        ?C?ULDIV
  -------         ENDMOD        ?C?ULDIV

  -------         MODULE        ?C?LNEG
  C:5D10H         PUBLIC        ?C?LNEG
  -------         ENDMOD        ?C?LNEG

  -------         MODULE        ?C?SLCMP
  C:5D1EH         PUBLIC        ?C?SLCMP
  -------         ENDMOD        ?C?SLCMP

BL51 BANKED LINKER/LOCATER V6.22                                                      06/03/2021  14:52:33  PAGE 96


  -------         MODULE        ?C?ULCMP
  C:5D34H         PUBLIC        ?C?ULCMP
  -------         ENDMOD        ?C?ULCMP

  -------         MODULE        ?C?ULSHR
  C:5D45H         PUBLIC        ?C?ULSHR
  -------         ENDMOD        ?C?ULSHR

  -------         MODULE        ?C?LLDCODE
  C:5D58H         PUBLIC        ?C?LLDCODE
  -------         ENDMOD        ?C?LLDCODE

  -------         MODULE        ?C?LLDCODE0
  C:5D68H         PUBLIC        ?C?LLDCODE0
  -------         ENDMOD        ?C?LLDCODE0

  -------         MODULE        ?C?LSTXDATA
  C:5D78H         PUBLIC        ?C?LSTXDATA
  -------         ENDMOD        ?C?LSTXDATA

  -------         MODULE        ?C?LSTKXDATA
  C:5D84H         PUBLIC        ?C?LSTKXDATA
  -------         ENDMOD        ?C?LSTKXDATA

  -------         MODULE        ?C?PLDIIDATA
  C:5DB5H         PUBLIC        ?C?PLDIIDATA
  -------         ENDMOD        ?C?PLDIIDATA

  -------         MODULE        ?C?CCASE
  C:5DC5H         PUBLIC        ?C?CCASE
  -------         ENDMOD        ?C?CCASE

  -------         MODULE        ?C?ICASE
  C:5DEBH         PUBLIC        ?C?ICASE
  -------         ENDMOD        ?C?ICASE

  -------         MODULE        PUTCHAR
  C:B8B3H         PUBLIC        _PUTCHAR
  -------         ENDMOD        PUTCHAR

  -------         MODULE        ATOI
  C:A975H         PUBLIC        _atoi
  -------         ENDMOD        ATOI

  -------         MODULE        ?C?MEMSET
  C:5E18H         PUBLIC        ?C?MEMSET
  -------         ENDMOD        ?C?MEMSET

  -------         MODULE        ISDIGIT
  C:BAEAH         PUBLIC        _isdigit
  -------         ENDMOD        ISDIGIT

  -------         MODULE        ISSPACE
  C:BA1BH         PUBLIC        _isspace
  -------         ENDMOD        ISSPACE

*** WARNING L16: UNCALLED SEGMENT, IGNORED FOR OVERLAY PROCESS
BL51 BANKED LINKER/LOCATER V6.22                                                      06/03/2021  14:52:33  PAGE 97


    SEGMENT: ?PR?_SET_DISPLAY_ENHANCEMENT_A?DISPLAY

*** WARNING L16: UNCALLED SEGMENT, IGNORED FOR OVERLAY PROCESS
    SEGMENT: ?PR?SET_GRAY_SCALE_TABLE?DISPLAY

*** WARNING L16: UNCALLED SEGMENT, IGNORED FOR OVERLAY PROCESS
    SEGMENT: ?PR?FILLDISPLAY?DISPLAY

*** WARNING L16: UNCALLED SEGMENT, IGNORED FOR OVERLAY PROCESS
    SEGMENT: ?PR?DELAY5MKS?DELAYS

*** WARNING L16: UNCALLED SEGMENT, IGNORED FOR OVERLAY PROCESS
    SEGMENT: ?PR?DELAY10MKS?DELAYS

*** WARNING L16: UNCALLED SEGMENT, IGNORED FOR OVERLAY PROCESS
    SEGMENT: ?PR?DELAY50MS?DELAYS

*** WARNING L16: UNCALLED SEGMENT, IGNORED FOR OVERLAY PROCESS
    SEGMENT: ?PR?_WRITE_WIDTHADJUSTED_ARIAL_ASCII_STRING?MENU

*** WARNING L16: UNCALLED SEGMENT, IGNORED FOR OVERLAY PROCESS
    SEGMENT: ?PR?_GETADDRESS_8X16_LATIN?FONTDISPLAY

*** WARNING L16: UNCALLED SEGMENT, IGNORED FOR OVERLAY PROCESS
    SEGMENT: ?PR?_CLEARARRAY?FONTDISPLAY

*** WARNING L16: UNCALLED SEGMENT, IGNORED FOR OVERLAY PROCESS
    SEGMENT: ?PR?READBYTEFROMDISPLAY?FONTDISPLAY

*** WARNING L16: UNCALLED SEGMENT, IGNORED FOR OVERLAY PROCESS
    SEGMENT: ?PR?_DRAWCHAR8X16_TODISPLAY?FONTDISPLAY

*** WARNING L16: UNCALLED SEGMENT, IGNORED FOR OVERLAY PROCESS
    SEGMENT: ?PR?_DRAWCHAR16X16_TODISPLAY?FONTDISPLAY

*** WARNING L16: UNCALLED SEGMENT, IGNORED FOR OVERLAY PROCESS
    SEGMENT: ?PR?_PUT_7X8ASCII_CHARONDISPLAY?FONTDISPLAY

*** WARNING L16: UNCALLED SEGMENT, IGNORED FOR OVERLAY PROCESS
    SEGMENT: ?PR?_DRAW4PIXELS?FONTDISPLAY

*** WARNING L16: UNCALLED SEGMENT, IGNORED FOR OVERLAY PROCESS
    SEGMENT: ?PR?_INIT_5X7_ASCII?FONTDISPLAY

*** WARNING L16: UNCALLED SEGMENT, IGNORED FOR OVERLAY PROCESS
    SEGMENT: ?PR?_INIT_8X16_ASCII?FONTDISPLAY

*** WARNING L16: UNCALLED SEGMENT, IGNORED FOR OVERLAY PROCESS
    SEGMENT: ?PR?_INIT_WIDTHADJUSTED_ARIAL_ASCII?FONTDISPLAY

*** WARNING L16: UNCALLED SEGMENT, IGNORED FOR OVERLAY PROCESS
    SEGMENT: ?PR?INIT_ALPHABET_5X7_ASCII?FONTDISPLAY

*** WARNING L16: UNCALLED SEGMENT, IGNORED FOR OVERLAY PROCESS
    SEGMENT: ?PR?INIT_ALPHABET_8X16_ASCII?FONTDISPLAY

*** WARNING L16: UNCALLED SEGMENT, IGNORED FOR OVERLAY PROCESS
BL51 BANKED LINKER/LOCATER V6.22                                                      06/03/2021  14:52:33  PAGE 98


    SEGMENT: ?PR?INIT_ALPHABET_WIDTHADJUSTED_ARIAL_ASCII?FONTDISPLAY

*** WARNING L16: UNCALLED SEGMENT, IGNORED FOR OVERLAY PROCESS
    SEGMENT: ?PR?INFO_MESSAGE_SOUND?SOUND

*** WARNING L16: UNCALLED SEGMENT, IGNORED FOR OVERLAY PROCESS
    SEGMENT: ?PR?ERROR_MESSAGE_SOUND?SOUND

Program Size: data=93.1 xdata=1308 code=48225
LINK/LOCATE RUN COMPLETE.  22 WARNING(S),  0 ERROR(S)
